Component: ARM Compiler 5.06 update 5 (build 528) Tool: armlink [4d35e2]

==============================================================================

Section Cross References

    main.o(i.InitLcd) refers to main.o(i.ReadCMD) for ReadCMD
    main.o(i.InitLcd) refers to main.o(i.LCDON) for LCDON
    main.o(i.InitObj) refers to f2d.o(x$fpl$f2d) for __aeabi_f2d
    main.o(i.InitObj) refers to cos.o(i.cos) for cos
    main.o(i.InitObj) refers to dmul.o(x$fpl$dmul) for __aeabi_dmul
    main.o(i.InitObj) refers to d2f.o(x$fpl$d2f) for __aeabi_d2f
    main.o(i.InitObj) refers to sin.o(i.sin) for sin
    main.o(i.LCDON) refers to main.o(i.WriteCMD) for WriteCMD
    main.o(i.PutObjOnMap) refers to f2d.o(x$fpl$f2d) for __aeabi_f2d
    main.o(i.PutObjOnMap) refers to round.o(i.round) for round
    main.o(i.PutObjOnMap) refers to dfix.o(x$fpl$dfix) for __aeabi_d2iz
    main.o(i.PutObjOnMap) refers to rt_memcpy_w.o(.text) for __aeabi_memcpy4
    main.o(i.PutObjOnMap) refers to main.o(i.isPosInMap) for isPosInMap
    main.o(i.ScreenUpdate) refers to main.o(i.SetAddr) for SetAddr
    main.o(i.ScreenUpdate) refers to main.o(i.SetPage) for SetPage
    main.o(i.ScreenUpdate) refers to main.o(i.Send_Data) for Send_Data
    main.o(i.SetAddr) refers to main.o(i.WriteCMD) for WriteCMD
    main.o(i.SetPage) refers to main.o(i.WriteCMD) for WriteCMD
    main.o(i.Timer1_IRQHandler) refers to main.o(i.drawBasketNet) for drawBasketNet
    main.o(i.Timer1_IRQHandler) refers to main.o(i.showTime) for showTime
    main.o(i.Timer1_IRQHandler) refers to main.o(i.drawPlayer) for drawPlayer
    main.o(i.Timer1_IRQHandler) refers to main.o(i.drawBasket) for drawBasket
    main.o(i.Timer1_IRQHandler) refers to rt_memcpy_w.o(.text) for __aeabi_memcpy4
    main.o(i.Timer1_IRQHandler) refers to main.o(i.drawTrajectory) for drawTrajectory
    main.o(i.Timer1_IRQHandler) refers to main.o(i.clearTrajectory) for clearTrajectory
    main.o(i.Timer1_IRQHandler) refers to main.o(i.PutObjOnMap) for PutObjOnMap
    main.o(i.Timer1_IRQHandler) refers to main.o(i.clearObject) for clearObject
    main.o(i.Timer1_IRQHandler) refers to main.o(i.movGravity) for movGravity
    main.o(i.Timer1_IRQHandler) refers to main.o(i.movUpdate) for movUpdate
    main.o(i.Timer1_IRQHandler) refers to main.o(i.checkScore) for checkScore
    main.o(i.Timer1_IRQHandler) refers to main.o(i.showScore) for showScore
    main.o(i.Timer1_IRQHandler) refers to main.o(i.ScreenUpdate) for ScreenUpdate
    main.o(i.Timer1_IRQHandler) refers to main.o(.data) for gameStatus
    main.o(i.Timer1_IRQHandler) refers to main.o(.bss) for noncollisionlayer
    main.o(i.Timer2_IRQHandler) refers to rt_memcpy_w.o(.text) for __aeabi_memcpy4
    main.o(i.Timer2_IRQHandler) refers to main.o(i.clearTrajectory) for clearTrajectory
    main.o(i.Timer2_IRQHandler) refers to main.o(.data) for gameStatus
    main.o(i.Timer2_IRQHandler) refers to main.o(.bss) for noncollisionlayer
    main.o(i.Timer3_IRQHandler) refers to rt_memcpy_w.o(.text) for __aeabi_memcpy4
    main.o(i.Timer3_IRQHandler) refers to main.o(i.clearObject) for clearObject
    main.o(i.Timer3_IRQHandler) refers to main.o(i.showTime) for showTime
    main.o(i.Timer3_IRQHandler) refers to main.o(.data) for gameStatus
    main.o(i.Timer3_IRQHandler) refers to main.o(.bss) for gamefield
    main.o(i.checkScore) refers to fmul.o(x$fpl$fmul) for __aeabi_fmul
    main.o(i.checkScore) refers to f2d.o(x$fpl$f2d) for __aeabi_f2d
    main.o(i.checkScore) refers to ddiv.o(x$fpl$ddiv) for __aeabi_ddiv
    main.o(i.checkScore) refers to dfix.o(x$fpl$dfix) for __aeabi_d2iz
    main.o(i.checkScore) refers to main.o(i.max) for max
    main.o(i.checkScore) refers to fflt_clz.o(x$fpl$fflt) for __aeabi_i2f
    main.o(i.checkScore) refers to frleqf.o(x$fpl$frleqf) for __aeabi_cfrcmple
    main.o(i.checkScore) refers to fleqf.o(x$fpl$fleqf) for __aeabi_cfcmple
    main.o(i.checkScore) refers to main.o(.data) for goal_g
    main.o(i.clearObject) refers to f2d.o(x$fpl$f2d) for __aeabi_f2d
    main.o(i.clearObject) refers to round.o(i.round) for round
    main.o(i.clearObject) refers to dfix.o(x$fpl$dfix) for __aeabi_d2iz
    main.o(i.clearTrajectory) refers to dflt_clz.o(x$fpl$dflt) for __aeabi_i2d
    main.o(i.clearTrajectory) refers to ddiv.o(x$fpl$ddiv) for __aeabi_ddiv
    main.o(i.clearTrajectory) refers to dmul.o(x$fpl$dmul) for __aeabi_dmul
    main.o(i.clearTrajectory) refers to f2d.o(x$fpl$f2d) for __aeabi_f2d
    main.o(i.clearTrajectory) refers to daddsub_clz.o(x$fpl$dadd) for __aeabi_dadd
    main.o(i.clearTrajectory) refers to daddsub_clz.o(x$fpl$dsub) for __aeabi_dsub
    main.o(i.clearTrajectory) refers to round.o(i.round) for round
    main.o(i.clearTrajectory) refers to dfix.o(x$fpl$dfix) for __aeabi_d2iz
    main.o(i.clear_lcd) refers to main.o(i.SetPage) for SetPage
    main.o(i.clear_lcd) refers to main.o(i.Send_Data) for Send_Data
[...]
    Removing mdr32f9qx_iwdg.o(i.IWDG_ReloadCounter), (16 bytes).
    Removing mdr32f9qx_iwdg.o(i.IWDG_SetPrescaler), (12 bytes).
    Removing mdr32f9qx_iwdg.o(i.IWDG_SetReload), (12 bytes).
    Removing mdr32f9qx_iwdg.o(i.IWDG_WriteAccessDisable), (12 bytes).
    Removing mdr32f9qx_iwdg.o(i.IWDG_WriteAccessEnable), (16 bytes).
    Removing mdr32f9qx_port.o(.rev16_text), (4 bytes).
    Removing mdr32f9qx_port.o(.revsh_text), (4 bytes).
    Removing mdr32f9qx_port.o(.rrx_text), (6 bytes).
    Removing mdr32f9qx_port.o(i.PORT_DeInit), (20 bytes).
    Removing mdr32f9qx_port.o(i.PORT_Init), (456 bytes).
    Removing mdr32f9qx_port.o(i.PORT_ReadInputData), (6 bytes).
    Removing mdr32f9qx_port.o(i.PORT_ReadInputDataBit), (16 bytes).
    Removing mdr32f9qx_port.o(i.PORT_ResetBits), (28 bytes).
    Removing mdr32f9qx_port.o(i.PORT_SetBits), (28 bytes).
    Removing mdr32f9qx_port.o(i.PORT_StructInit), (28 bytes).
    Removing mdr32f9qx_port.o(i.PORT_Write), (24 bytes).
    Removing mdr32f9qx_port.o(i.PORT_WriteBit), (52 bytes).
    Removing mdr32f9qx_power.o(.rev16_text), (4 bytes).
    Removing mdr32f9qx_power.o(.revsh_text), (4 bytes).
    Removing mdr32f9qx_power.o(.rrx_text), (6 bytes).
    Removing mdr32f9qx_power.o(i.POWER_ClearFlag), (16 bytes).
    Removing mdr32f9qx_power.o(i.POWER_DUccMode), (24 bytes).
    Removing mdr32f9qx_power.o(i.POWER_DUccStandby), (12 bytes).
    Removing mdr32f9qx_power.o(i.POWER_DUccTrim), (24 bytes).
    Removing mdr32f9qx_power.o(i.POWER_DeInit), (12 bytes).
    Removing mdr32f9qx_power.o(i.POWER_EnterSTANDBYMode), (12 bytes).
    Removing mdr32f9qx_power.o(i.POWER_EnterSTOPMode), (48 bytes).
    Removing mdr32f9qx_power.o(i.POWER_FlagPORstatus), (16 bytes).
    Removing mdr32f9qx_power.o(i.POWER_GetFlagStatus), (24 bytes).
    Removing mdr32f9qx_power.o(i.POWER_PVBDlevelConfig), (28 bytes).
    Removing mdr32f9qx_power.o(i.POWER_PVD_INVconfig), (32 bytes).
    Removing mdr32f9qx_power.o(i.POWER_PVD_ITconfig), (32 bytes).
    Removing mdr32f9qx_power.o(i.POWER_PVDenable), (12 bytes).
    Removing mdr32f9qx_power.o(i.POWER_PVDlevelConfig), (28 bytes).
    Removing mdr32f9qx_power.o(i.POWER_SetFlagPOR), (12 bytes).
    Removing mdr32f9qx_rst_clk.o(.rev16_text), (4 bytes).
    Removing mdr32f9qx_rst_clk.o(.revsh_text), (4 bytes).
    Removing mdr32f9qx_rst_clk.o(.rrx_text), (6 bytes).
    Removing mdr32f9qx_rst_clk.o(i.RST_CLK_ADCclkEnable), (12 bytes).
    Removing mdr32f9qx_rst_clk.o(i.RST_CLK_ADCclkPrescaler), (24 bytes).
    Removing mdr32f9qx_rst_clk.o(i.RST_CLK_ADCclkSelection), (20 bytes).
    Removing mdr32f9qx_rst_clk.o(i.RST_CLK_CPU_PLLcmd), (12 bytes).
    Removing mdr32f9qx_rst_clk.o(i.RST_CLK_CPU_PLLconfig), (64 bytes).
    Removing mdr32f9qx_rst_clk.o(i.RST_CLK_CPU_PLLstatus), (52 bytes).
    Removing mdr32f9qx_rst_clk.o(i.RST_CLK_CPU_PLLuse), (12 bytes).
    Removing mdr32f9qx_rst_clk.o(i.RST_CLK_CPUclkPrescaler), (24 bytes).
    Removing mdr32f9qx_rst_clk.o(i.RST_CLK_CPUclkSelection), (20 bytes).
    Removing mdr32f9qx_rst_clk.o(i.RST_CLK_CPUclkSelectionC1), (20 bytes).
    Removing mdr32f9qx_rst_clk.o(i.RST_CLK_DeInit), (44 bytes).
    Removing mdr32f9qx_rst_clk.o(i.RST_CLK_GetClocksFreq), (628 bytes).
    Removing mdr32f9qx_rst_clk.o(i.RST_CLK_GetFlagStatus), (52 bytes).
    Removing mdr32f9qx_rst_clk.o(i.RST_CLK_HSEclkPrescaler), (20 bytes).
    Removing mdr32f9qx_rst_clk.o(i.RST_CLK_HSEconfig), (60 bytes).
    Removing mdr32f9qx_rst_clk.o(i.RST_CLK_HSEstatus), (52 bytes).
    Removing mdr32f9qx_rst_clk.o(i.RST_CLK_HSIadjust), (24 bytes).
    Removing mdr32f9qx_rst_clk.o(i.RST_CLK_HSIclkPrescaler), (24 bytes).
    Removing mdr32f9qx_rst_clk.o(i.RST_CLK_HSIcmd), (12 bytes).
    Removing mdr32f9qx_rst_clk.o(i.RST_CLK_HSIstatus), (52 bytes).
    Removing mdr32f9qx_rst_clk.o(i.RST_CLK_LSEconfig), (60 bytes).
    Removing mdr32f9qx_rst_clk.o(i.RST_CLK_LSEstatus), (52 bytes).
    Removing mdr32f9qx_rst_clk.o(i.RST_CLK_LSIadjust), (24 bytes).
    Removing mdr32f9qx_rst_clk.o(i.RST_CLK_LSIcmd), (12 bytes).
    Removing mdr32f9qx_rst_clk.o(i.RST_CLK_LSIstatus), (52 bytes).
    Removing mdr32f9qx_rst_clk.o(i.RST_CLK_PCLKcmd), (32 bytes).
    Removing mdr32f9qx_rst_clk.o(i.RST_CLK_RTC_HSEclkEnable), (12 bytes).
    Removing mdr32f9qx_rst_clk.o(i.RST_CLK_RTC_HSIclkEnable), (12 bytes).
    Removing mdr32f9qx_rst_clk.o(i.RST_CLK_USB_PLLcmd), (12 bytes).
    Removing mdr32f9qx_rst_clk.o(i.RST_CLK_USB_PLLconfig), (64 bytes).
    Removing mdr32f9qx_rst_clk.o(i.RST_CLK_USB_PLLstatus), (52 bytes).
    Removing mdr32f9qx_rst_clk.o(i.RST_CLK_USB_PLLuse), (12 bytes).
    Removing mdr32f9qx_rst_clk.o(i.RST_CLK_USBclkEnable), (12 bytes).
    Removing mdr32f9qx_rst_clk.o(i.RST_CLK_USBclkPrescaler), (12 bytes).
    Removing mdr32f9qx_rst_clk.o(i.RST_CLK_WarmDeInit), (116 bytes).
    Removing mdr32f9qx_ssp.o(.rev16_text), (4 bytes).
    Removing mdr32f9qx_ssp.o(.revsh_text), (4 bytes).
    Removing mdr32f9qx_ssp.o(.rrx_text), (6 bytes).
    Removing mdr32f9qx_ssp.o(i.SSP_BRGInit), (60 bytes).
    Removing mdr32f9qx_ssp.o(i.SSP_ClearITPendingBit), (8 bytes).
    Removing mdr32f9qx_ssp.o(i.SSP_Cmd), (24 bytes).
    Removing mdr32f9qx_ssp.o(i.SSP_DMACmd), (24 bytes).
    Removing mdr32f9qx_ssp.o(i.SSP_DeInit), (18 bytes).
    Removing mdr32f9qx_ssp.o(i.SSP_GetFlagStatus), (16 bytes).
    Removing mdr32f9qx_ssp.o(i.SSP_GetITStatus), (16 bytes).
    Removing mdr32f9qx_ssp.o(i.SSP_GetITStatusMasked), (16 bytes).
    Removing mdr32f9qx_ssp.o(i.SSP_ITConfig), (18 bytes).
    Removing mdr32f9qx_ssp.o(i.SSP_Init), (38 bytes).
    Removing mdr32f9qx_ssp.o(i.SSP_ReceiveData), (8 bytes).
    Removing mdr32f9qx_ssp.o(i.SSP_SendData), (4 bytes).
    Removing mdr32f9qx_ssp.o(i.SSP_StructInit), (28 bytes).
    Removing mdr32f9qx_timer.o(.rev16_text), (4 bytes).
    Removing mdr32f9qx_timer.o(.revsh_text), (4 bytes).
    Removing mdr32f9qx_timer.o(.rrx_text), (6 bytes).
    Removing mdr32f9qx_timer.o(i.TIMER_BRGInit), (84 bytes).
    Removing mdr32f9qx_timer.o(i.TIMER_BRKPolarityConfig), (14 bytes).
    Removing mdr32f9qx_timer.o(i.TIMER_ChnBRKResetConfig), (24 bytes).
    Removing mdr32f9qx_timer.o(i.TIMER_ChnCCR1_Cmd), (30 bytes).
    Removing mdr32f9qx_timer.o(i.TIMER_ChnCCR1_EventSourceConfig), (24 bytes).
    Removing mdr32f9qx_timer.o(i.TIMER_ChnCapturePrescalerConfig), (26 bytes).
    Removing mdr32f9qx_timer.o(i.TIMER_ChnCompare1Config), (32 bytes).
    Removing mdr32f9qx_timer.o(i.TIMER_ChnCompareConfig), (32 bytes).
    Removing mdr32f9qx_timer.o(i.TIMER_ChnETRResetConfig), (24 bytes).
    Removing mdr32f9qx_timer.o(i.TIMER_ChnETR_Cmd), (30 bytes).
    Removing mdr32f9qx_timer.o(i.TIMER_ChnEventSourceConfig), (24 bytes).
    Removing mdr32f9qx_timer.o(i.TIMER_ChnFilterConfig), (24 bytes).
    Removing mdr32f9qx_timer.o(i.TIMER_ChnInit), (70 bytes).
    Removing mdr32f9qx_timer.o(i.TIMER_ChnNOutConfig), (36 bytes).
    Removing mdr32f9qx_timer.o(i.TIMER_ChnNOutModeConfig), (26 bytes).
    Removing mdr32f9qx_timer.o(i.TIMER_ChnNOutPolarityConfig), (26 bytes).
    Removing mdr32f9qx_timer.o(i.TIMER_ChnNOutSourceConfig), (26 bytes).
    Removing mdr32f9qx_timer.o(i.TIMER_ChnOutConfig), (34 bytes).
    Removing mdr32f9qx_timer.o(i.TIMER_ChnOutDTGConfig), (20 bytes).
    Removing mdr32f9qx_timer.o(i.TIMER_ChnOutInit), (66 bytes).
    Removing mdr32f9qx_timer.o(i.TIMER_ChnOutModeConfig), (24 bytes).
    Removing mdr32f9qx_timer.o(i.TIMER_ChnOutPolarityConfig), (26 bytes).
    Removing mdr32f9qx_timer.o(i.TIMER_ChnOutSourceConfig), (26 bytes).
    Removing mdr32f9qx_timer.o(i.TIMER_ChnOutStructInit), (22 bytes).
    Removing mdr32f9qx_timer.o(i.TIMER_ChnREFFormatConfig), (24 bytes).
    Removing mdr32f9qx_timer.o(i.TIMER_ChnStructInit), (28 bytes).
    Removing mdr32f9qx_timer.o(i.TIMER_ClearFlag), (6 bytes).
    Removing mdr32f9qx_timer.o(i.TIMER_Cmd), (20 bytes).
    Removing mdr32f9qx_timer.o(i.TIMER_CntAutoreloadConfig), (18 bytes).
    Removing mdr32f9qx_timer.o(i.TIMER_CntEventSourceConfig), (14 bytes).
    Removing mdr32f9qx_timer.o(i.TIMER_CntInit), (54 bytes).
    Removing mdr32f9qx_timer.o(i.TIMER_CntStructInit), (28 bytes).
    Removing mdr32f9qx_timer.o(i.TIMER_CounterModeConfig), (14 bytes).
    Removing mdr32f9qx_timer.o(i.TIMER_DMACmd), (18 bytes).
    Removing mdr32f9qx_timer.o(i.TIMER_DeInit), (68 bytes).
    Removing mdr32f9qx_timer.o(i.TIMER_ETRFilterConfig), (16 bytes).
    Removing mdr32f9qx_timer.o(i.TIMER_ETRInputConfig), (22 bytes).
    Removing mdr32f9qx_timer.o(i.TIMER_ETRPolarityConfig), (14 bytes).
    Removing mdr32f9qx_timer.o(i.TIMER_ETRPrescalerConfig), (14 bytes).
    Removing mdr32f9qx_timer.o(i.TIMER_FilterSamplingConfig), (14 bytes).
    Removing mdr32f9qx_timer.o(i.TIMER_GetChnCapture), (18 bytes).
    Removing mdr32f9qx_timer.o(i.TIMER_GetChnCapture1), (18 bytes).
    Removing mdr32f9qx_timer.o(i.TIMER_GetChnWriteComplete), (28 bytes).
    Removing mdr32f9qx_timer.o(i.TIMER_GetCntAutoreload), (8 bytes).
    Removing mdr32f9qx_timer.o(i.TIMER_GetCntPrescaler), (8 bytes).
    Removing mdr32f9qx_timer.o(i.TIMER_GetCntWriteComplete), (18 bytes).
    Removing mdr32f9qx_timer.o(i.TIMER_GetCounter), (8 bytes).
    Removing mdr32f9qx_timer.o(i.TIMER_GetCounterDirection), (18 bytes).
    Removing mdr32f9qx_timer.o(i.TIMER_GetFlagStatus), (16 bytes).
    Removing mdr32f9qx_timer.o(i.TIMER_GetITStatus), (24 bytes).
    Removing mdr32f9qx_timer.o(i.TIMER_GetStatus), (6 bytes).
    Removing mdr32f9qx_timer.o(i.TIMER_ITConfig), (18 bytes).
    Removing mdr32f9qx_timer.o(i.TIMER_SetChnCompare), (14 bytes).
    Removing mdr32f9qx_timer.o(i.TIMER_SetChnCompare1), (14 bytes).
    Removing mdr32f9qx_timer.o(i.TIMER_SetCntAutoreload), (4 bytes).
    Removing mdr32f9qx_timer.o(i.TIMER_SetCntPrescaler), (4 bytes).
    Removing mdr32f9qx_timer.o(i.TIMER_SetCounter), (4 bytes).
    Removing mdr32f9qx_timer.o(i.TIMER_SetCounterDirection), (14 bytes).
    Removing mdr32f9qx_uart.o(.rev16_text), (4 bytes).
    Removing mdr32f9qx_uart.o(.revsh_text), (4 bytes).
    Removing mdr32f9qx_uart.o(.rrx_text), (6 bytes).
    Removing mdr32f9qx_uart.o(i.UART_BRGInit), (60 bytes).
    Removing mdr32f9qx_uart.o(i.UART_BreakLine), (24 bytes).
    Removing mdr32f9qx_uart.o(i.UART_ClearITPendingBit), (8 bytes).
    Removing mdr32f9qx_uart.o(i.UART_Cmd), (24 bytes).
    Removing mdr32f9qx_uart.o(i.UART_DMACmd), (24 bytes).
    Removing mdr32f9qx_uart.o(i.UART_DMAConfig), (8 bytes).
    Removing mdr32f9qx_uart.o(i.UART_DeInit), (38 bytes).
    Removing mdr32f9qx_uart.o(i.UART_GetFlagStatus), (16 bytes).
    Removing mdr32f9qx_uart.o(i.UART_GetITStatus), (18 bytes).
    Removing mdr32f9qx_uart.o(i.UART_GetITStatusMasked), (16 bytes).
    Removing mdr32f9qx_uart.o(i.UART_ITConfig), (18 bytes).
    Removing mdr32f9qx_uart.o(i.UART_Init), (180 bytes).
    Removing mdr32f9qx_uart.o(i.UART_IrDACmd), (24 bytes).
    Removing mdr32f9qx_uart.o(i.UART_IrDAConfig), (40 bytes).
    Removing mdr32f9qx_uart.o(i.UART_ReceiveData), (8 bytes).
    Removing mdr32f9qx_uart.o(i.UART_SendData), (4 bytes).
    Removing mdr32f9qx_uart.o(i.UART_StructInit), (24 bytes).

379 unused section(s) (total 12326 bytes) removed from the image.

==============================================================================

Image Symbol Table

    Local Symbols

    Symbol Name                              Value     Ov Type        Size  Object(Section)

    ../clib/angel/boardlib.s                 0x00000000   Number         0  boardinit3.o ABSOLUTE
    ../clib/angel/boardlib.s                 0x00000000   Number         0  boardinit1.o ABSOLUTE
    ../clib/angel/boardlib.s                 0x00000000   Number         0  boardshut.o ABSOLUTE
    ../clib/angel/boardlib.s                 0x00000000   Number         0  boardinit2.o ABSOLUTE
    ../clib/angel/dczerorl2.s                0x00000000   Number         0  __dczerorl2.o ABSOLUTE
    ../clib/angel/handlers.s                 0x00000000   Number         0  __scatter_zi.o ABSOLUTE
    ../clib/angel/kernel.s                   0x00000000   Number         0  __rtentry.o ABSOLUTE
    ../clib/angel/kernel.s                   0x00000000   Number         0  rtexit2.o ABSOLUTE
    ../clib/angel/kernel.s                   0x00000000   Number         0  rtexit.o ABSOLUTE
    ../clib/angel/kernel.s                   0x00000000   Number         0  __rtentry2.o ABSOLUTE
    ../clib/angel/kernel.s                   0x00000000   Number         0  __rtentry4.o ABSOLUTE
    ../clib/angel/rt.s                       0x00000000   Number         0  rt_raise.o ABSOLUTE
    ../clib/angel/rt.s                       0x00000000   Number         0  rt_errno_addr_intlibspace.o ABSOLUTE
    ../clib/angel/rt.s                       0x00000000   Number         0  rt_errno_addr.o ABSOLUTE
    ../clib/angel/scatter.s                  0x00000000   Number         0  __scatter.o ABSOLUTE
    ../clib/angel/startup.s                  0x00000000   Number         0  __main.o ABSOLUTE
    ../clib/angel/sys.s                      0x00000000   Number         0  sys_stackheap_outer.o ABSOLUTE
    ../clib/angel/sys.s                      0x00000000   Number         0  libspace.o ABSOLUTE
    ../clib/angel/sys.s                      0x00000000   Number         0  use_no_semi.o ABSOLUTE
    ../clib/angel/sys.s                      0x00000000   Number         0  indicate_semi.o ABSOLUTE
    ../clib/angel/sysapp.c                   0x00000000   Number         0  sys_command.o ABSOLUTE
    ../clib/angel/sysapp.c                   0x00000000   Number         0  sys_wrch.o ABSOLUTE
    ../clib/angel/sysapp.c                   0x00000000   Number         0  sys_exit.o ABSOLUTE
    ../clib/armsys.c                         0x00000000   Number         0  argv_veneer.o ABSOLUTE
    ../clib/armsys.c                         0x00000000   Number         0  argv_veneer.o ABSOLUTE
    ../clib/armsys.c                         0x00000000   Number         0  no_argv.o ABSOLUTE
    ../clib/armsys.c                         0x00000000   Number         0  _get_argv_nomalloc.o ABSOLUTE
    ../clib/fenv.c                           0x00000000   Number         0  _rserrno.o ABSOLUTE
    ../clib/heapalloc.c                      0x00000000   Number         0  hrguard.o ABSOLUTE
    ../clib/heapaux.c                        0x00000000   Number         0  heapauxi.o ABSOLUTE
    ../clib/libinit.s                        0x00000000   Number         0  libshutdown2.o ABSOLUTE
    ../clib/libinit.s                        0x00000000   Number         0  libinit.o ABSOLUTE
    ../clib/libinit.s                        0x00000000   Number         0  libshutdown.o ABSOLUTE
    ../clib/libinit.s                        0x00000000   Number         0  libinit2.o ABSOLUTE
    ../clib/memcpset.s                       0x00000000   Number         0  rt_memcpy_w.o ABSOLUTE
    ../clib/signal.c                         0x00000000   Number         0  defsig_fpe_inner.o ABSOLUTE
    ../clib/signal.c                         0x00000000   Number         0  __raise.o ABSOLUTE
    ../clib/signal.c                         0x00000000   Number         0  defsig_rtmem_inner.o ABSOLUTE
    ../clib/signal.c                         0x00000000   Number         0  defsig_exit.o ABSOLUTE
    ../clib/signal.c                         0x00000000   Number         0  defsig_rtmem_formal.o ABSOLUTE
    ../clib/signal.c                         0x00000000   Number         0  defsig_rtmem_outer.o ABSOLUTE
    ../clib/signal.c                         0x00000000   Number         0  defsig_abrt_inner.o ABSOLUTE
    ../clib/signal.c                         0x00000000   Number         0  defsig_rtred_inner.o ABSOLUTE
    ../clib/signal.c                         0x00000000   Number         0  defsig_cppl_inner.o ABSOLUTE
    ../clib/signal.c                         0x00000000   Number         0  defsig_stak_inner.o ABSOLUTE
    ../clib/signal.c                         0x00000000   Number         0  defsig_pvfn_inner.o ABSOLUTE
    ../clib/signal.c                         0x00000000   Number         0  defsig_segv_inner.o ABSOLUTE
    ../clib/signal.c                         0x00000000   Number         0  defsig_other.o ABSOLUTE
    ../clib/signal.c                         0x00000000   Number         0  defsig_general.o ABSOLUTE
    ../clib/signal.s                         0x00000000   Number         0  defsig.o ABSOLUTE
    ../clib/stdlib.c                         0x00000000   Number         0  exit.o ABSOLUTE
    ../fplib/d2f.s                           0x00000000   Number         0  d2f.o ABSOLUTE
    ../fplib/daddsub.s                       0x00000000   Number         0  daddsub_clz.o ABSOLUTE
    ../fplib/dcheck1.s                       0x00000000   Number         0  dcheck1.o ABSOLUTE
    ../fplib/dcmpi.s                         0x00000000   Number         0  dcmpi.o ABSOLUTE
    ../fplib/ddiv.s                          0x00000000   Number         0  ddiv.o ABSOLUTE
    ../fplib/dfix.s                          0x00000000   Number         0  dfix.o ABSOLUTE
    ../fplib/dflt.s                          0x00000000   Number         0  dflt_clz.o ABSOLUTE
    ../fplib/dleqf.s                         0x00000000   Number         0  dleqf.o ABSOLUTE
    ../fplib/dmul.s                          0x00000000   Number         0  dmul.o ABSOLUTE
    ../fplib/dnaninf.s                       0x00000000   Number         0  dnaninf.o ABSOLUTE
    ../fplib/dretinf.s                       0x00000000   Number         0  dretinf.o ABSOLUTE
    ../fplib/drleqf.s                        0x00000000   Number         0  drleqf.o ABSOLUTE
    ../fplib/drnd.s                          0x00000000   Number         0  drnd.o ABSOLUTE
    ../fplib/f2d.s                           0x00000000   Number         0  f2d.o ABSOLUTE
    ../fplib/faddsub.s                       0x00000000   Number         0  faddsub_clz.o ABSOLUTE
    ../fplib/fcmpi.s                         0x00000000   Number         0  fcmpi.o ABSOLUTE
    ../fplib/fflt.s                          0x00000000   Number         0  fflt_clz.o ABSOLUTE
    ../fplib/fleqf.s                         0x00000000   Number         0  fleqf.o ABSOLUTE
    ../fplib/fmul.s                          0x00000000   Number         0  fmul.o ABSOLUTE
    ../fplib/fnaninf.s                       0x00000000   Number         0  fnaninf.o ABSOLUTE
    ../fplib/fpinit.s                        0x00000000   Number         0  fpinit.o ABSOLUTE
    ../fplib/fretinf.s                       0x00000000   Number         0  fretinf.o ABSOLUTE
    ../fplib/frleqf.s                        0x00000000   Number         0  frleqf.o ABSOLUTE
    ../fplib/retnan.s                        0x00000000   Number         0  retnan.o ABSOLUTE
    ../fplib/scalbn.s                        0x00000000   Number         0  scalbn.o ABSOLUTE
    ../fplib/trapv.s                         0x00000000   Number         0  trapv.o ABSOLUTE
    ../fplib/usenofp.s                       0x00000000   Number         0  usenofp.o ABSOLUTE
    ../mathlib/cos.c                         0x00000000   Number         0  cos.o ABSOLUTE
    ../mathlib/cos.c                         0x00000000   Number         0  cos_x.o ABSOLUTE
    ../mathlib/cos_i.c                       0x00000000   Number         0  cos_i.o ABSOLUTE
    ../mathlib/dunder.c                      0x00000000   Number         0  dunder.o ABSOLUTE
    ../mathlib/fpclassify.c                  0x00000000   Number         0  fpclassify.o ABSOLUTE
    ../mathlib/poly.c                        0x00000000   Number         0  poly.o ABSOLUTE
    ../mathlib/round.c                       0x00000000   Number         0  round.o ABSOLUTE
    ../mathlib/rred.c                        0x00000000   Number         0  rred.o ABSOLUTE
    ../mathlib/sin.c                         0x00000000   Number         0  sin_x.o ABSOLUTE
    ../mathlib/sin.c                         0x00000000   Number         0  sin.o ABSOLUTE
    ../mathlib/sin_i.c                       0x00000000   Number         0  sin_i.o ABSOLUTE
    ../mathlib/sin_i.c                       0x00000000   Number         0  sin_i_x.o ABSOLUTE
    C:\Keil_v5\ARM\PACK\Keil\MDR1986BExx\2.0.3\Libraries\SPL\MDR32Fx\src\MDR32F9Qx_adc.c 0x00000000   Number         0  mdr32f9qx_adc.o ABSOLUTE
    C:\Keil_v5\ARM\PACK\Keil\MDR1986BExx\2.0.3\Libraries\SPL\MDR32Fx\src\MDR32F9Qx_bkp.c 0x00000000   Number         0  mdr32f9qx_bkp.o ABSOLUTE
    C:\Keil_v5\ARM\PACK\Keil\MDR1986BExx\2.0.3\Libraries\SPL\MDR32Fx\src\MDR32F9Qx_can.c 0x00000000   Number         0  mdr32f9qx_can.o ABSOLUTE
    C:\Keil_v5\ARM\PACK\Keil\MDR1986BExx\2.0.3\Libraries\SPL\MDR32Fx\src\MDR32F9Qx_comp.c 0x00000000   Number         0  mdr32f9qx_comp.o ABSOLUTE
    C:\Keil_v5\ARM\PACK\Keil\MDR1986BExx\2.0.3\Libraries\SPL\MDR32Fx\src\MDR32F9Qx_dac.c 0x00000000   Number         0  mdr32f9qx_dac.o ABSOLUTE
    C:\Keil_v5\ARM\PACK\Keil\MDR1986BExx\2.0.3\Libraries\SPL\MDR32Fx\src\MDR32F9Qx_dma.c 0x00000000   Number         0  mdr32f9qx_dma.o ABSOLUTE
    C:\Keil_v5\ARM\PACK\Keil\MDR1986BExx\2.0.3\Libraries\SPL\MDR32Fx\src\MDR32F9Qx_ebc.c 0x00000000   Number         0  mdr32f9qx_ebc.o ABSOLUTE
    C:\Keil_v5\ARM\PACK\Keil\MDR1986BExx\2.0.3\Libraries\SPL\MDR32Fx\src\MDR32F9Qx_eeprom.c 0x00000000   Number         0  mdr32f9qx_eeprom.o ABSOLUTE
    C:\Keil_v5\ARM\PACK\Keil\MDR1986BExx\2.0.3\Libraries\SPL\MDR32Fx\src\MDR32F9Qx_i2c.c 0x00000000   Number         0  mdr32f9qx_i2c.o ABSOLUTE
    C:\Keil_v5\ARM\PACK\Keil\MDR1986BExx\2.0.3\Libraries\SPL\MDR32Fx\src\MDR32F9Qx_iwdg.c 0x00000000   Number         0  mdr32f9qx_iwdg.o ABSOLUTE
    C:\Keil_v5\ARM\PACK\Keil\MDR1986BExx\2.0.3\Libraries\SPL\MDR32Fx\src\MDR32F9Qx_port.c 0x00000000   Number         0  mdr32f9qx_port.o ABSOLUTE
    C:\Keil_v5\ARM\PACK\Keil\MDR1986BExx\2.0.3\Libraries\SPL\MDR32Fx\src\MDR32F9Qx_power.c 0x00000000   Number         0  mdr32f9qx_power.o ABSOLUTE
    C:\Keil_v5\ARM\PACK\Keil\MDR1986BExx\2.0.3\Libraries\SPL\MDR32Fx\src\MDR32F9Qx_rst_clk.c 0x00000000   Number         0  mdr32f9qx_rst_clk.o ABSOLUTE
    C:\Keil_v5\ARM\PACK\Keil\MDR1986BExx\2.0.3\Libraries\SPL\MDR32Fx\src\MDR32F9Qx_ssp.c 0x00000000   Number         0  mdr32f9qx_ssp.o ABSOLUTE
    C:\Keil_v5\ARM\PACK\Keil\MDR1986BExx\2.0.3\Libraries\SPL\MDR32Fx\src\MDR32F9Qx_timer.c 0x00000000   Number         0  mdr32f9qx_timer.o ABSOLUTE
    C:\Keil_v5\ARM\PACK\Keil\MDR1986BExx\2.0.3\Libraries\SPL\MDR32Fx\src\MDR32F9Qx_uart.c 0x00000000   Number         0  mdr32f9qx_uart.o ABSOLUTE
    C:\\Keil_v5\\ARM\\PACK\\Keil\\MDR1986BExx\\2.0.3\\Libraries\\SPL\\MDR32Fx\\src\\MDR32F9Qx_adc.c 0x00000000   Number         0  mdr32f9qx_adc.o ABSOLUTE
    C:\\Keil_v5\\ARM\\PACK\\Keil\\MDR1986BExx\\2.0.3\\Libraries\\SPL\\MDR32Fx\\src\\MDR32F9Qx_bkp.c 0x00000000   Number         0  mdr32f9qx_bkp.o ABSOLUTE
    C:\\Keil_v5\\ARM\\PACK\\Keil\\MDR1986BExx\\2.0.3\\Libraries\\SPL\\MDR32Fx\\src\\MDR32F9Qx_can.c 0x00000000   Number         0  mdr32f9qx_can.o ABSOLUTE
    C:\\Keil_v5\\ARM\\PACK\\Keil\\MDR1986BExx\\2.0.3\\Libraries\\SPL\\MDR32Fx\\src\\MDR32F9Qx_comp.c 0x00000000   Number         0  mdr32f9qx_comp.o ABSOLUTE
    C:\\Keil_v5\\ARM\\PACK\\Keil\\MDR1986BExx\\2.0.3\\Libraries\\SPL\\MDR32Fx\\src\\MDR32F9Qx_dac.c 0x00000000   Number         0  mdr32f9qx_dac.o ABSOLUTE
    C:\\Keil_v5\\ARM\\PACK\\Keil\\MDR1986BExx\\2.0.3\\Libraries\\SPL\\MDR32Fx\\src\\MDR32F9Qx_dma.c 0x00000000   Number         0  mdr32f9qx_dma.o ABSOLUTE
    C:\\Keil_v5\\ARM\\PACK\\Keil\\MDR1986BExx\\2.0.3\\Libraries\\SPL\\MDR32Fx\\src\\MDR32F9Qx_ebc.c 0x00000000   Number         0  mdr32f9qx_ebc.o ABSOLUTE
    C:\\Keil_v5\\ARM\\PACK\\Keil\\MDR1986BExx\\2.0.3\\Libraries\\SPL\\MDR32Fx\\src\\MDR32F9Qx_eeprom.c 0x00000000   Number         0  mdr32f9qx_eeprom.o ABSOLUTE
    C:\\Keil_v5\\ARM\\PACK\\Keil\\MDR1986BExx\\2.0.3\\Libraries\\SPL\\MDR32Fx\\src\\MDR32F9Qx_i2c.c 0x00000000   Number         0  mdr32f9qx_i2c.o ABSOLUTE
    C:\\Keil_v5\\ARM\\PACK\\Keil\\MDR1986BExx\\2.0.3\\Libraries\\SPL\\MDR32Fx\\src\\MDR32F9Qx_iwdg.c 0x00000000   Number         0  mdr32f9qx_iwdg.o ABSOLUTE
    C:\\Keil_v5\\ARM\\PACK\\Keil\\MDR1986BExx\\2.0.3\\Libraries\\SPL\\MDR32Fx\\src\\MDR32F9Qx_port.c 0x00000000   Number         0  mdr32f9qx_port.o ABSOLUTE
    C:\\Keil_v5\\ARM\\PACK\\Keil\\MDR1986BExx\\2.0.3\\Libraries\\SPL\\MDR32Fx\\src\\MDR32F9Qx_power.c 0x00000000   Number         0  mdr32f9qx_power.o ABSOLUTE
    C:\\Keil_v5\\ARM\\PACK\\Keil\\MDR1986BExx\\2.0.3\\Libraries\\SPL\\MDR32Fx\\src\\MDR32F9Qx_rst_clk.c 0x00000000   Number         0  mdr32f9qx_rst_clk.o ABSOLUTE
    C:\\Keil_v5\\ARM\\PACK\\Keil\\MDR1986BExx\\2.0.3\\Libraries\\SPL\\MDR32Fx\\src\\MDR32F9Qx_ssp.c 0x00000000   Number         0  mdr32f9qx_ssp.o ABSOLUTE
    C:\\Keil_v5\\ARM\\PACK\\Keil\\MDR1986BExx\\2.0.3\\Libraries\\SPL\\MDR32Fx\\src\\MDR32F9Qx_timer.c 0x00000000   Number         0  mdr32f9qx_timer.o ABSOLUTE
    C:\\Keil_v5\\ARM\\PACK\\Keil\\MDR1986BExx\\2.0.3\\Libraries\\SPL\\MDR32Fx\\src\\MDR32F9Qx_uart.c 0x00000000   Number         0  mdr32f9qx_uart.o ABSOLUTE
    RTE\Device\MDR1986BE91\startup_MDR32F9Qx.S 0x00000000   Number         0  startup_mdr32f9qx.o ABSOLUTE
    RTE\Device\MDR1986BE91\system_MDR32F9Qx.c 0x00000000   Number         0  system_mdr32f9qx.o ABSOLUTE
    RTE\\Device\\MDR1986BE91\\system_MDR32F9Qx.c 0x00000000   Number         0  system_mdr32f9qx.o ABSOLUTE
    dc.s                                     0x00000000   Number         0  dc.o ABSOLUTE
    main.c                                   0x00000000   Number         0  main.o ABSOLUTE
    main.c                                   0x00000000   Number         0  main.o ABSOLUTE
    RESET                                    0x08000000   Section      192  startup_mdr32f9qx.o(RESET)
    !!!main                                  0x080000c0   Section        8  __main.o(!!!main)
    !!!scatter                               0x080000c8   Section       52  __scatter.o(!!!scatter)
    !!dczerorl2                              0x080000fc   Section       90  __dczerorl2.o(!!dczerorl2)
    !!handler_zi                             0x08000158   Section       28  __scatter_zi.o(!!handler_zi)
    .ARM.Collect$$libinit$$00000000          0x08000174   Section        2  libinit.o(.ARM.Collect$$libinit$$00000000)
    .ARM.Collect$$libinit$$00000002          0x08000176   Section        0  libinit2.o(.ARM.Collect$$libinit$$00000002)
    .ARM.Collect$$libinit$$00000004          0x08000176   Section        0  libinit2.o(.ARM.Collect$$libinit$$00000004)
    .ARM.Collect$$libinit$$0000000A          0x08000176   Section        0  libinit2.o(.ARM.Collect$$libinit$$0000000A)
    .ARM.Collect$$libinit$$0000000C          0x08000176   Section        0  libinit2.o(.ARM.Collect$$libinit$$0000000C)
    .ARM.Collect$$libinit$$0000000E          0x08000176   Section        0  libinit2.o(.ARM.Collect$$libinit$$0000000E)
    .ARM.Collect$$libinit$$00000011          0x08000176   Section        0  libinit2.o(.ARM.Collect$$libinit$$00000011)
    .ARM.Collect$$libinit$$00000013          0x08000176   Section        0  libinit2.o(.ARM.Collect$$libinit$$00000013)
    .ARM.Collect$$libinit$$00000015          0x08000176   Section        0  libinit2.o(.ARM.Collect$$libinit$$00000015)
    .ARM.Collect$$libinit$$00000017          0x08000176   Section        0  libinit2.o(.ARM.Collect$$libinit$$00000017)
    .ARM.Collect$$libinit$$00000019          0x08000176   Section        0  libinit2.o(.ARM.Collect$$libinit$$00000019)
    .ARM.Collect$$libinit$$0000001B          0x08000176   Section        0  libinit2.o(.ARM.Collect$$libinit$$0000001B)
    .ARM.Collect$$libinit$$0000001D          0x08000176   Section        0  libinit2.o(.ARM.Collect$$libinit$$0000001D)
    .ARM.Collect$$libinit$$0000001F          0x08000176   Section        0  libinit2.o(.ARM.Collect$$libinit$$0000001F)
    .ARM.Collect$$libinit$$00000021          0x08000176   Section        0  libinit2.o(.ARM.Collect$$libinit$$00000021)
    .ARM.Collect$$libinit$$00000023          0x08000176   Section        0  libinit2.o(.ARM.Collect$$libinit$$00000023)
    .ARM.Collect$$libinit$$00000025          0x08000176   Section        0  libinit2.o(.ARM.Collect$$libinit$$00000025)
    .ARM.Collect$$libinit$$0000002C          0x08000176   Section        0  libinit2.o(.ARM.Collect$$libinit$$0000002C)
    .ARM.Collect$$libinit$$0000002E          0x08000176   Section        0  libinit2.o(.ARM.Collect$$libinit$$0000002E)
    .ARM.Collect$$libinit$$00000030          0x08000176   Section        0  libinit2.o(.ARM.Collect$$libinit$$00000030)
    .ARM.Collect$$libinit$$00000032          0x08000176   Section        0  libinit2.o(.ARM.Collect$$libinit$$00000032)
    .ARM.Collect$$libinit$$00000033          0x08000176   Section        2  libinit2.o(.ARM.Collect$$libinit$$00000033)
    .ARM.Collect$$libshutdown$$00000000      0x08000178   Section        2  libshutdown.o(.ARM.Collect$$libshutdown$$00000000)
    .ARM.Collect$$libshutdown$$00000002      0x0800017a   Section        0  libshutdown2.o(.ARM.Collect$$libshutdown$$00000002)
    .ARM.Collect$$libshutdown$$00000004      0x0800017a   Section        0  libshutdown2.o(.ARM.Collect$$libshutdown$$00000004)
    .ARM.Collect$$libshutdown$$00000007      0x0800017a   Section        0  libshutdown2.o(.ARM.Collect$$libshutdown$$00000007)
    .ARM.Collect$$libshutdown$$0000000A      0x0800017a   Section        0  libshutdown2.o(.ARM.Collect$$libshutdown$$0000000A)
    .ARM.Collect$$libshutdown$$0000000C      0x0800017a   Section        0  libshutdown2.o(.ARM.Collect$$libshutdown$$0000000C)
    .ARM.Collect$$libshutdown$$0000000F      0x0800017a   Section        0  libshutdown2.o(.ARM.Collect$$libshutdown$$0000000F)
    .ARM.Collect$$libshutdown$$00000010      0x0800017a   Section        2  libshutdown2.o(.ARM.Collect$$libshutdown$$00000010)
    .ARM.Collect$$rtentry$$00000000          0x0800017c   Section        0  __rtentry.o(.ARM.Collect$$rtentry$$00000000)
    .ARM.Collect$$rtentry$$00000002          0x0800017c   Section        0  __rtentry2.o(.ARM.Collect$$rtentry$$00000002)
    .ARM.Collect$$rtentry$$00000004          0x0800017c   Section        6  __rtentry4.o(.ARM.Collect$$rtentry$$00000004)
    .ARM.Collect$$rtentry$$00000009          0x08000182   Section        0  __rtentry2.o(.ARM.Collect$$rtentry$$00000009)
    .ARM.Collect$$rtentry$$0000000A          0x08000182   Section        4  __rtentry2.o(.ARM.Collect$$rtentry$$0000000A)
    .ARM.Collect$$rtentry$$0000000C          0x08000186   Section        0  __rtentry2.o(.ARM.Collect$$rtentry$$0000000C)
    .ARM.Collect$$rtentry$$0000000D          0x08000186   Section        8  __rtentry2.o(.ARM.Collect$$rtentry$$0000000D)
    .ARM.Collect$$rtexit$$00000000           0x0800018e   Section        2  rtexit.o(.ARM.Collect$$rtexit$$00000000)
    .ARM.Collect$$rtexit$$00000002           0x08000190   Section        0  rtexit2.o(.ARM.Collect$$rtexit$$00000002)
    .ARM.Collect$$rtexit$$00000003           0x08000190   Section        4  rtexit2.o(.ARM.Collect$$rtexit$$00000003)
    .ARM.Collect$$rtexit$$00000004           0x08000194   Section        6  rtexit2.o(.ARM.Collect$$rtexit$$00000004)
    .text                                    0x0800019c   Section       64  startup_mdr32f9qx.o(.text)
    .text                                    0x080001dc   Section      100  rt_memcpy_w.o(.text)
    .text                                    0x08000240   Section        0  heapauxi.o(.text)
    .text                                    0x08000246   Section        0  _rserrno.o(.text)
    .text                                    0x0800025c   Section        8  rt_errno_addr_intlibspace.o(.text)
    .text                                    0x08000264   Section        8  libspace.o(.text)
    .text                                    0x0800026c   Section       74  sys_stackheap_outer.o(.text)
    .text                                    0x080002b6   Section        0  exit.o(.text)
    .text                                    0x080002c8   Section        0  sys_exit.o(.text)
    .text                                    0x080002d4   Section        2  use_no_semi.o(.text)
    .text                                    0x080002d6   Section        0  indicate_semi.o(.text)
    i.InitLcd                                0x080002d8   Section        0  main.o(i.InitLcd)
    i.InitObj                                0x08000340   Section        0  main.o(i.InitObj)
    i.LCDON                                  0x080003fe   Section        0  main.o(i.LCDON)
    i.PutObjOnMap                            0x08000428   Section        0  main.o(i.PutObjOnMap)
    i.ReadCMD                                0x080004b8   Section        0  main.o(i.ReadCMD)
    i.ScreenUpdate                           0x080004f8   Section        0  main.o(i.ScreenUpdate)
    i.Send_Data                              0x080005a4   Section        0  main.o(i.Send_Data)
    i.SetAddr                                0x080005ec   Section        0  main.o(i.SetAddr)
    i.SetPage                                0x08000614   Section        0  main.o(i.SetPage)
    i.SystemCoreClockUpdate                  0x08000638   Section        0  system_mdr32f9qx.o(i.SystemCoreClockUpdate)
    i.SystemInit                             0x080006c8   Section        0  system_mdr32f9qx.o(i.SystemInit)
    i.Timer1_IRQHandler                      0x080006f0   Section        0  main.o(i.Timer1_IRQHandler)
    i.Timer2_IRQHandler                      0x080008f4   Section        0  main.o(i.Timer2_IRQHandler)
    i.Timer3_IRQHandler                      0x08000a64   Section        0  main.o(i.Timer3_IRQHandler)
    i.WriteCMD                               0x08000af8   Section        0  main.o(i.WriteCMD)
    i.__ARM_fpclassify                       0x08000b38   Section        0  fpclassify.o(i.__ARM_fpclassify)
    i.__ieee754_rem_pio2                     0x08000b60   Section        0  rred.o(i.__ieee754_rem_pio2)
    i.__kernel_cos                           0x08000ee8   Section        0  cos_i.o(i.__kernel_cos)
    i.__kernel_poly                          0x08000fe4   Section        0  poly.o(i.__kernel_poly)
    i.__kernel_sin                           0x08001090   Section        0  sin_i.o(i.__kernel_sin)
    i.__mathlib_dbl_infnan                   0x0800117c   Section        0  dunder.o(i.__mathlib_dbl_infnan)
    i.__mathlib_dbl_invalid                  0x08001182   Section        0  dunder.o(i.__mathlib_dbl_invalid)
    i.__mathlib_dbl_underflow                0x08001190   Section        0  dunder.o(i.__mathlib_dbl_underflow)
    i.checkScore                             0x080011a0   Section        0  main.o(i.checkScore)
    i.clearObject                            0x08001278   Section        0  main.o(i.clearObject)
    i.clearTrajectory                        0x080012e8   Section        0  main.o(i.clearTrajectory)
    i.clear_lcd                              0x08001428   Section        0  main.o(i.clear_lcd)
    i.cos                                    0x0800145c   Section        0  cos.o(i.cos)
    i.drawBasket                             0x080014f8   Section        0  main.o(i.drawBasket)
    i.drawBasketNet                          0x08001528   Section        0  main.o(i.drawBasketNet)
    i.drawNum                                0x080015cc   Section        0  main.o(i.drawNum)
    i.drawPlayer                             0x08001602   Section        0  main.o(i.drawPlayer)
    i.drawScuare                             0x080016a6   Section        0  main.o(i.drawScuare)
    i.drawTrajectory                         0x080016f0   Section        0  main.o(i.drawTrajectory)
    i.initButtons                            0x08001830   Section        0  main.o(i.initButtons)
    i.initPerefirial                         0x08001984   Section        0  main.o(i.initPerefirial)
    i.initTimer_1                            0x08001a98   Section        0  main.o(i.initTimer_1)
    i.initTimer_2                            0x08001ae8   Section        0  main.o(i.initTimer_2)
    i.initTimer_3                            0x08001b38   Section        0  main.o(i.initTimer_3)
    i.isCollision                            0x08001b88   Section        0  main.o(i.isCollision)
    i.isPosInMap                             0x08001c60   Section        0  main.o(i.isPosInMap)
    i.main                                   0x08001cec   Section        0  main.o(i.main)
    i.max                                    0x080026b8   Section        0  main.o(i.max)
    i.movGravity                             0x080026c8   Section        0  main.o(i.movGravity)
    i.movUpdate                              0x080026f4   Section        0  main.o(i.movUpdate)
    i.round                                  0x080028e0   Section        0  round.o(i.round)
    i.showScore                              0x08002974   Section        0  main.o(i.showScore)
    i.showTime                               0x08002ae0   Section        0  main.o(i.showTime)
    i.sin                                    0x08002da0   Section        0  sin.o(i.sin)
    x$fpl$d2f                                0x08002e40   Section       98  d2f.o(x$fpl$d2f)
    x$fpl$dadd                               0x08002ea4   Section      336  daddsub_clz.o(x$fpl$dadd)
    _dadd1                                   0x08002eb5   Thumb Code     0  daddsub_clz.o(x$fpl$dadd)
    x$fpl$dcheck1                            0x08002ff4   Section       16  dcheck1.o(x$fpl$dcheck1)
    x$fpl$dcmpinf                            0x08003004   Section       24  dcmpi.o(x$fpl$dcmpinf)
    x$fpl$ddiv                               0x0800301c   Section      688  ddiv.o(x$fpl$ddiv)
    ddiv_entry                               0x08003023   Thumb Code     0  ddiv.o(x$fpl$ddiv)
    x$fpl$dfix                               0x080032cc   Section       94  dfix.o(x$fpl$dfix)
    x$fpl$dflt                               0x0800332a   Section       46  dflt_clz.o(x$fpl$dflt)
    x$fpl$dfltu                              0x08003358   Section       38  dflt_clz.o(x$fpl$dfltu)
    x$fpl$dleqf                              0x08003380   Section      120  dleqf.o(x$fpl$dleqf)
    x$fpl$dmul                               0x080033f8   Section      340  dmul.o(x$fpl$dmul)
    x$fpl$dnaninf                            0x0800354c   Section      156  dnaninf.o(x$fpl$dnaninf)
    x$fpl$dretinf                            0x080035e8   Section       12  dretinf.o(x$fpl$dretinf)
    x$fpl$drleqf                             0x080035f4   Section      108  drleqf.o(x$fpl$drleqf)
    x$fpl$drnd                               0x08003660   Section      180  drnd.o(x$fpl$drnd)
    x$fpl$drsb                               0x08003714   Section       22  daddsub_clz.o(x$fpl$drsb)
    x$fpl$dsub                               0x0800372c   Section      468  daddsub_clz.o(x$fpl$dsub)
    _dsub1                                   0x0800373d   Thumb Code     0  daddsub_clz.o(x$fpl$dsub)
    x$fpl$f2d                                0x08003900   Section       86  f2d.o(x$fpl$f2d)
    x$fpl$fadd                               0x08003958   Section      196  faddsub_clz.o(x$fpl$fadd)
    _fadd1                                   0x08003967   Thumb Code     0  faddsub_clz.o(x$fpl$fadd)
    x$fpl$fcmpinf                            0x08003a1c   Section       24  fcmpi.o(x$fpl$fcmpinf)
    x$fpl$fflt                               0x08003a34   Section       48  fflt_clz.o(x$fpl$fflt)
    x$fpl$fleqf                              0x08003a64   Section      104  fleqf.o(x$fpl$fleqf)
    x$fpl$fmul                               0x08003acc   Section      258  fmul.o(x$fpl$fmul)
    x$fpl$fnaninf                            0x08003bce   Section      140  fnaninf.o(x$fpl$fnaninf)
    x$fpl$fretinf                            0x08003c5a   Section       10  fretinf.o(x$fpl$fretinf)
    x$fpl$frleqf                             0x08003c64   Section       98  frleqf.o(x$fpl$frleqf)
    x$fpl$frsb                               0x08003cc6   Section       20  faddsub_clz.o(x$fpl$frsb)
    x$fpl$fsub                               0x08003cdc   Section      234  faddsub_clz.o(x$fpl$fsub)
    _fsub1                                   0x08003ceb   Thumb Code     0  faddsub_clz.o(x$fpl$fsub)
    x$fpl$retnan                             0x08003dc6   Section      100  retnan.o(x$fpl$retnan)
    x$fpl$scalbn                             0x08003e2a   Section       92  scalbn.o(x$fpl$scalbn)
    x$fpl$trapveneer                         0x08003e86   Section       48  trapv.o(x$fpl$trapveneer)
    x$fpl$usenofp                            0x08003eb6   Section        0  usenofp.o(x$fpl$usenofp)
    .constdata                               0x08003eb8   Section       48  cos_i.o(.constdata)
    C                                        0x08003eb8   Data          48  cos_i.o(.constdata)
    .constdata                               0x08003ee8   Section      200  rred.o(.constdata)
    pio2s                                    0x08003ee8   Data          48  rred.o(.constdata)
    twooverpi                                0x08003f18   Data         152  rred.o(.constdata)
    .constdata                               0x08003fb0   Section       40  sin_i.o(.constdata)
    S                                        0x08003fb0   Data          40  sin_i.o(.constdata)
    .data                                    0x20000000   Section      452  main.o(.data)
    .data                                    0x200001c4   Section        4  system_mdr32f9qx.o(.data)
    .bss                                     0x200001c8   Section    16532  main.o(.bss)
    .bss                                     0x2000425c   Section       96  libspace.o(.bss)
    HEAP                                     0x200042c0   Section      512  startup_mdr32f9qx.o(HEAP)
    Heap_Mem                                 0x200042c0   Data         512  startup_mdr32f9qx.o(HEAP)
    STACK                                    0x200044c0   Section     1024  startup_mdr32f9qx.o(STACK)
    Stack_Mem                                0x200044c0   Data        1024  startup_mdr32f9qx.o(STACK)
    __initial_sp                             0x200048c0   Data           0  startup_mdr32f9qx.o(STACK)

    Global Symbols

    Symbol Name                              Value     Ov Type        Size  Object(Section)

    BuildAttributes$$THM_ISAv4$P$D$K$B$S$PE$A:L22UL41UL21$X:L11$S22US41US21$IEEE1$IW$USESV6$~STKCKD$USESV7$~SHL$OTIME$ROPI$IEEEX$EBA8$UX$STANDARDLIB$REQ8$PRES8$EABIv2 0x00000000   Number         0  anon$$obj.o ABSOLUTE
    __ARM_use_no_argv                        0x00000000   Number         0  main.o ABSOLUTE
    __ARM_exceptions_init                     - Undefined Weak Reference
    __alloca_initialize                       - Undefined Weak Reference
    __arm_preinit_                            - Undefined Weak Reference
    __cpp_initialize__aeabi_                  - Undefined Weak Reference
    __cxa_finalize                            - Undefined Weak Reference
    __rt_locale                               - Undefined Weak Reference
    __sigvec_lookup                           - Undefined Weak Reference
    _atexit_init                              - Undefined Weak Reference
    _call_atexit_fns                          - Undefined Weak Reference
    _clock_init                               - Undefined Weak Reference
    _fp_trap_init                             - Undefined Weak Reference
    _fp_trap_shutdown                         - Undefined Weak Reference
    _get_lc_collate                           - Undefined Weak Reference
    _get_lc_ctype                             - Undefined Weak Reference
    _get_lc_monetary                          - Undefined Weak Reference
    _get_lc_numeric                           - Undefined Weak Reference
    _get_lc_time                              - Undefined Weak Reference
    _getenv_init                              - Undefined Weak Reference
    _handle_redirection                       - Undefined Weak Reference
    _init_alloc                               - Undefined Weak Reference
    _init_user_alloc                          - Undefined Weak Reference
    _initio                                   - Undefined Weak Reference
    _rand_init                                - Undefined Weak Reference
    _signal_finish                            - Undefined Weak Reference
    _signal_init                              - Undefined Weak Reference
    _terminate_alloc                          - Undefined Weak Reference
    _terminate_user_alloc                     - Undefined Weak Reference
    _terminateio                              - Undefined Weak Reference
    __Vectors_Size                           0x000000c0   Number         0  startup_mdr32f9qx.o ABSOLUTE
    __Vectors                                0x08000000   Data           4  startup_mdr32f9qx.o(RESET)
    __Vectors_End                            0x080000c0   Data           0  startup_mdr32f9qx.o(RESET)
    __main                                   0x080000c1   Thumb Code     8  __main.o(!!!main)
    __scatterload                            0x080000c9   Thumb Code     0  __scatter.o(!!!scatter)
    __scatterload_rt2                        0x080000c9   Thumb Code    44  __scatter.o(!!!scatter)
    __scatterload_rt2_thumb_only             0x080000c9   Thumb Code     0  __scatter.o(!!!scatter)
    __scatterload_null                       0x080000d7   Thumb Code     0  __scatter.o(!!!scatter)
    __decompress                             0x080000fd   Thumb Code    90  __dczerorl2.o(!!dczerorl2)
    __decompress1                            0x080000fd   Thumb Code     0  __dczerorl2.o(!!dczerorl2)
    __scatterload_zeroinit                   0x08000159   Thumb Code    28  __scatter_zi.o(!!handler_zi)
    __rt_lib_init                            0x08000175   Thumb Code     0  libinit.o(.ARM.Collect$$libinit$$00000000)
    __rt_lib_init_alloca_1                   0x08000177   Thumb Code     0  libinit2.o(.ARM.Collect$$libinit$$0000002E)
    __rt_lib_init_argv_1                     0x08000177   Thumb Code     0  libinit2.o(.ARM.Collect$$libinit$$0000002C)
    __rt_lib_init_atexit_1                   0x08000177   Thumb Code     0  libinit2.o(.ARM.Collect$$libinit$$0000001B)
    __rt_lib_init_clock_1                    0x08000177   Thumb Code     0  libinit2.o(.ARM.Collect$$libinit$$00000021)
    __rt_lib_init_cpp_1                      0x08000177   Thumb Code     0  libinit2.o(.ARM.Collect$$libinit$$00000032)
    __rt_lib_init_exceptions_1               0x08000177   Thumb Code     0  libinit2.o(.ARM.Collect$$libinit$$00000030)
    __rt_lib_init_fp_1                       0x08000177   Thumb Code     0  libinit2.o(.ARM.Collect$$libinit$$00000002)
    __rt_lib_init_fp_trap_1                  0x08000177   Thumb Code     0  libinit2.o(.ARM.Collect$$libinit$$0000001F)
    __rt_lib_init_getenv_1                   0x08000177   Thumb Code     0  libinit2.o(.ARM.Collect$$libinit$$00000023)
    __rt_lib_init_heap_1                     0x08000177   Thumb Code     0  libinit2.o(.ARM.Collect$$libinit$$0000000A)
    __rt_lib_init_lc_collate_1               0x08000177   Thumb Code     0  libinit2.o(.ARM.Collect$$libinit$$00000011)
    __rt_lib_init_lc_ctype_1                 0x08000177   Thumb Code     0  libinit2.o(.ARM.Collect$$libinit$$00000013)
    __rt_lib_init_lc_monetary_1              0x08000177   Thumb Code     0  libinit2.o(.ARM.Collect$$libinit$$00000015)
    __rt_lib_init_lc_numeric_1               0x08000177   Thumb Code     0  libinit2.o(.ARM.Collect$$libinit$$00000017)
    __rt_lib_init_lc_time_1                  0x08000177   Thumb Code     0  libinit2.o(.ARM.Collect$$libinit$$00000019)
    __rt_lib_init_preinit_1                  0x08000177   Thumb Code     0  libinit2.o(.ARM.Collect$$libinit$$00000004)
    __rt_lib_init_rand_1                     0x08000177   Thumb Code     0  libinit2.o(.ARM.Collect$$libinit$$0000000E)
    __rt_lib_init_return                     0x08000177   Thumb Code     0  libinit2.o(.ARM.Collect$$libinit$$00000033)
    __rt_lib_init_signal_1                   0x08000177   Thumb Code     0  libinit2.o(.ARM.Collect$$libinit$$0000001D)
    __rt_lib_init_stdio_1                    0x08000177   Thumb Code     0  libinit2.o(.ARM.Collect$$libinit$$00000025)
    __rt_lib_init_user_alloc_1               0x08000177   Thumb Code     0  libinit2.o(.ARM.Collect$$libinit$$0000000C)
    __rt_lib_shutdown                        0x08000179   Thumb Code     0  libshutdown.o(.ARM.Collect$$libshutdown$$00000000)
    __rt_lib_shutdown_cpp_1                  0x0800017b   Thumb Code     0  libshutdown2.o(.ARM.Collect$$libshutdown$$00000002)
    __rt_lib_shutdown_fp_trap_1              0x0800017b   Thumb Code     0  libshutdown2.o(.ARM.Collect$$libshutdown$$00000007)
    __rt_lib_shutdown_heap_1                 0x0800017b   Thumb Code     0  libshutdown2.o(.ARM.Collect$$libshutdown$$0000000F)
    __rt_lib_shutdown_return                 0x0800017b   Thumb Code     0  libshutdown2.o(.ARM.Collect$$libshutdown$$00000010)
    __rt_lib_shutdown_signal_1               0x0800017b   Thumb Code     0  libshutdown2.o(.ARM.Collect$$libshutdown$$0000000A)
    __rt_lib_shutdown_stdio_1                0x0800017b   Thumb Code     0  libshutdown2.o(.ARM.Collect$$libshutdown$$00000004)
    __rt_lib_shutdown_user_alloc_1           0x0800017b   Thumb Code     0  libshutdown2.o(.ARM.Collect$$libshutdown$$0000000C)
    __rt_entry                               0x0800017d   Thumb Code     0  __rtentry.o(.ARM.Collect$$rtentry$$00000000)
    __rt_entry_presh_1                       0x0800017d   Thumb Code     0  __rtentry2.o(.ARM.Collect$$rtentry$$00000002)
    __rt_entry_sh                            0x0800017d   Thumb Code     0  __rtentry4.o(.ARM.Collect$$rtentry$$00000004)
    __rt_entry_li                            0x08000183   Thumb Code     0  __rtentry2.o(.ARM.Collect$$rtentry$$0000000A)
    __rt_entry_postsh_1                      0x08000183   Thumb Code     0  __rtentry2.o(.ARM.Collect$$rtentry$$00000009)
    __rt_entry_main                          0x08000187   Thumb Code     0  __rtentry2.o(.ARM.Collect$$rtentry$$0000000D)
    __rt_entry_postli_1                      0x08000187   Thumb Code     0  __rtentry2.o(.ARM.Collect$$rtentry$$0000000C)
    __rt_exit                                0x0800018f   Thumb Code     0  rtexit.o(.ARM.Collect$$rtexit$$00000000)
    __rt_exit_ls                             0x08000191   Thumb Code     0  rtexit2.o(.ARM.Collect$$rtexit$$00000003)
    __rt_exit_prels_1                        0x08000191   Thumb Code     0  rtexit2.o(.ARM.Collect$$rtexit$$00000002)
    __rt_exit_exit                           0x08000195   Thumb Code     0  rtexit2.o(.ARM.Collect$$rtexit$$00000004)
    Reset_Handler                            0x0800019d   Thumb Code     8  startup_mdr32f9qx.o(.text)
    NMI_Handler                              0x080001a5   Thumb Code     2  startup_mdr32f9qx.o(.text)
    HardFault_Handler                        0x080001a7   Thumb Code     2  startup_mdr32f9qx.o(.text)
    MemManage_Handler                        0x080001a9   Thumb Code     2  startup_mdr32f9qx.o(.text)
    BusFault_Handler                         0x080001ab   Thumb Code     2  startup_mdr32f9qx.o(.text)
    UsageFault_Handler                       0x080001ad   Thumb Code     2  startup_mdr32f9qx.o(.text)
    SVC_Handler                              0x080001af   Thumb Code     2  startup_mdr32f9qx.o(.text)
    DebugMon_Handler                         0x080001b1   Thumb Code     2  startup_mdr32f9qx.o(.text)
    PendSV_Handler                           0x080001b3   Thumb Code     2  startup_mdr32f9qx.o(.text)
    SysTick_Handler                          0x080001b5   Thumb Code     2  startup_mdr32f9qx.o(.text)
    ADC_IRQHandler                           0x080001b7   Thumb Code     0  startup_mdr32f9qx.o(.text)
    BACKUP_IRQHandler                        0x080001b7   Thumb Code     0  startup_mdr32f9qx.o(.text)
    CAN1_IRQHandler                          0x080001b7   Thumb Code     0  startup_mdr32f9qx.o(.text)
    CAN2_IRQHandler                          0x080001b7   Thumb Code     0  startup_mdr32f9qx.o(.text)
    COMPARATOR_IRQHandler                    0x080001b7   Thumb Code     0  startup_mdr32f9qx.o(.text)
    DMA_IRQHandler                           0x080001b7   Thumb Code     0  startup_mdr32f9qx.o(.text)
    EXT_INT1_IRQHandler                      0x080001b7   Thumb Code     0  startup_mdr32f9qx.o(.text)
    EXT_INT2_IRQHandler                      0x080001b7   Thumb Code     0  startup_mdr32f9qx.o(.text)
    EXT_INT3_IRQHandler                      0x080001b7   Thumb Code     0  startup_mdr32f9qx.o(.text)
    EXT_INT4_IRQHandler                      0x080001b7   Thumb Code     0  startup_mdr32f9qx.o(.text)
    I2C_IRQHandler                           0x080001b7   Thumb Code     0  startup_mdr32f9qx.o(.text)
    POWER_IRQHandler                         0x080001b7   Thumb Code     0  startup_mdr32f9qx.o(.text)
    SSP1_IRQHandler                          0x080001b7   Thumb Code     0  startup_mdr32f9qx.o(.text)
    SSP2_IRQHandler                          0x080001b7   Thumb Code     0  startup_mdr32f9qx.o(.text)
    UART1_IRQHandler                         0x080001b7   Thumb Code     0  startup_mdr32f9qx.o(.text)
    UART2_IRQHandler                         0x080001b7   Thumb Code     0  startup_mdr32f9qx.o(.text)
    USB_IRQHandler                           0x080001b7   Thumb Code     0  startup_mdr32f9qx.o(.text)
    WWDG_IRQHandler                          0x080001b7   Thumb Code     0  startup_mdr32f9qx.o(.text)
    __user_initial_stackheap                 0x080001b9   Thumb Code     0  startup_mdr32f9qx.o(.text)
    __aeabi_memcpy4                          0x080001dd   Thumb Code     0  rt_memcpy_w.o(.text)
    __aeabi_memcpy8                          0x080001dd   Thumb Code     0  rt_memcpy_w.o(.text)
    __rt_memcpy_w                            0x080001dd   Thumb Code   100  rt_memcpy_w.o(.text)
    _memcpy_lastbytes_aligned                0x08000225   Thumb Code     0  rt_memcpy_w.o(.text)
    __use_two_region_memory                  0x08000241   Thumb Code     2  heapauxi.o(.text)
    __rt_heap_escrow$2region                 0x08000243   Thumb Code     2  heapauxi.o(.text)
    __rt_heap_expand$2region                 0x08000245   Thumb Code     2  heapauxi.o(.text)
    __read_errno                             0x08000247   Thumb Code    10  _rserrno.o(.text)
    __set_errno                              0x08000251   Thumb Code    12  _rserrno.o(.text)
    __aeabi_errno_addr                       0x0800025d   Thumb Code     8  rt_errno_addr_intlibspace.o(.text)
    __errno$intlibspace                      0x0800025d   Thumb Code     0  rt_errno_addr_intlibspace.o(.text)
    __rt_errno_addr$intlibspace              0x0800025d   Thumb Code     0  rt_errno_addr_intlibspace.o(.text)
    __user_libspace                          0x08000265   Thumb Code     8  libspace.o(.text)
    __user_perproc_libspace                  0x08000265   Thumb Code     0  libspace.o(.text)
    __user_perthread_libspace                0x08000265   Thumb Code     0  libspace.o(.text)
    __user_setup_stackheap                   0x0800026d   Thumb Code    74  sys_stackheap_outer.o(.text)
    exit                                     0x080002b7   Thumb Code    18  exit.o(.text)
    _sys_exit                                0x080002c9   Thumb Code     8  sys_exit.o(.text)
    __I$use$semihosting                      0x080002d5   Thumb Code     0  use_no_semi.o(.text)
    __use_no_semihosting_swi                 0x080002d5   Thumb Code     2  use_no_semi.o(.text)
    __semihosting_library_function           0x080002d7   Thumb Code     0  indicate_semi.o(.text)
    InitLcd                                  0x080002d9   Thumb Code    94  main.o(i.InitLcd)
    InitObj                                  0x08000341   Thumb Code   190  main.o(i.InitObj)
    LCDON                                    0x080003ff   Thumb Code    42  main.o(i.LCDON)
    PutObjOnMap                              0x08000429   Thumb Code   144  main.o(i.PutObjOnMap)
    ReadCMD                                  0x080004b9   Thumb Code    56  main.o(i.ReadCMD)
    ScreenUpdate                             0x080004f9   Thumb Code   170  main.o(i.ScreenUpdate)
    Send_Data                                0x080005a5   Thumb Code    64  main.o(i.Send_Data)
    SetAddr                                  0x080005ed   Thumb Code    40  main.o(i.SetAddr)
    SetPage                                  0x08000615   Thumb Code    36  main.o(i.SetPage)
    SystemCoreClockUpdate                    0x08000639   Thumb Code   130  system_mdr32f9qx.o(i.SystemCoreClockUpdate)
    SystemInit                               0x080006c9   Thumb Code    36  system_mdr32f9qx.o(i.SystemInit)
    Timer1_IRQHandler                        0x080006f1   Thumb Code   472  main.o(i.Timer1_IRQHandler)
    Timer2_IRQHandler                        0x080008f5   Thumb Code   308  main.o(i.Timer2_IRQHandler)
    Timer3_IRQHandler                        0x08000a65   Thumb Code   120  main.o(i.Timer3_IRQHandler)
    WriteCMD                                 0x08000af9   Thumb Code    54  main.o(i.WriteCMD)
    __ARM_fpclassify                         0x08000b39   Thumb Code    40  fpclassify.o(i.__ARM_fpclassify)
    __ieee754_rem_pio2                       0x08000b61   Thumb Code   828  rred.o(i.__ieee754_rem_pio2)
    __kernel_cos                             0x08000ee9   Thumb Code   230  cos_i.o(i.__kernel_cos)
    __kernel_poly                            0x08000fe5   Thumb Code   170  poly.o(i.__kernel_poly)
    __kernel_sin                             0x08001091   Thumb Code   224  sin_i.o(i.__kernel_sin)
    __mathlib_dbl_infnan                     0x0800117d   Thumb Code     6  dunder.o(i.__mathlib_dbl_infnan)
    __mathlib_dbl_invalid                    0x08001183   Thumb Code    12  dunder.o(i.__mathlib_dbl_invalid)
    __mathlib_dbl_underflow                  0x08001191   Thumb Code    10  dunder.o(i.__mathlib_dbl_underflow)
    checkScore                               0x080011a1   Thumb Code   200  main.o(i.checkScore)
    clearObject                              0x08001279   Thumb Code   110  main.o(i.clearObject)
    clearTrajectory                          0x080012e9   Thumb Code   312  main.o(i.clearTrajectory)
    clear_lcd                                0x08001429   Thumb Code    50  main.o(i.clear_lcd)
    cos                                      0x0800145d   Thumb Code   148  cos.o(i.cos)
    drawBasket                               0x080014f9   Thumb Code    48  main.o(i.drawBasket)
    drawBasketNet                            0x08001529   Thumb Code   164  main.o(i.drawBasketNet)
    drawNum                                  0x080015cd   Thumb Code    54  main.o(i.drawNum)
    drawPlayer                               0x08001603   Thumb Code   164  main.o(i.drawPlayer)
    drawScuare                               0x080016a7   Thumb Code    74  main.o(i.drawScuare)
    drawTrajectory                           0x080016f1   Thumb Code   312  main.o(i.drawTrajectory)
    initButtons                              0x08001831   Thumb Code   332  main.o(i.initButtons)
    initPerefirial                           0x08001985   Thumb Code   248  main.o(i.initPerefirial)
    initTimer_1                              0x08001a99   Thumb Code    66  main.o(i.initTimer_1)
    initTimer_2                              0x08001ae9   Thumb Code    66  main.o(i.initTimer_2)
    initTimer_3                              0x08001b39   Thumb Code    66  main.o(i.initTimer_3)
    isCollision                              0x08001b89   Thumb Code   214  main.o(i.isCollision)
    isPosInMap                               0x08001c61   Thumb Code   132  main.o(i.isPosInMap)
    main                                     0x08001ced   Thumb Code  2450  main.o(i.main)
    max                                      0x080026b9   Thumb Code    14  main.o(i.max)
    movGravity                               0x080026c9   Thumb Code    38  main.o(i.movGravity)
    movUpdate                                0x080026f5   Thumb Code   480  main.o(i.movUpdate)
    round                                    0x080028e1   Thumb Code   136  round.o(i.round)
    showScore                                0x08002975   Thumb Code   324  main.o(i.showScore)
    showTime                                 0x08002ae1   Thumb Code   664  main.o(i.showTime)
    sin                                      0x08002da1   Thumb Code   150  sin.o(i.sin)
    __aeabi_d2f                              0x08002e41   Thumb Code     0  d2f.o(x$fpl$d2f)
    _d2f                                     0x08002e41   Thumb Code    98  d2f.o(x$fpl$d2f)
    __aeabi_dadd                             0x08002ea5   Thumb Code     0  daddsub_clz.o(x$fpl$dadd)
    _dadd                                    0x08002ea5   Thumb Code   332  daddsub_clz.o(x$fpl$dadd)
    __fpl_dcheck_NaN1                        0x08002ff5   Thumb Code    10  dcheck1.o(x$fpl$dcheck1)
    __fpl_dcmp_Inf                           0x08003005   Thumb Code    24  dcmpi.o(x$fpl$dcmpinf)
    __aeabi_ddiv                             0x0800301d   Thumb Code     0  ddiv.o(x$fpl$ddiv)
    _ddiv                                    0x0800301d   Thumb Code   552  ddiv.o(x$fpl$ddiv)
    __aeabi_d2iz                             0x080032cd   Thumb Code     0  dfix.o(x$fpl$dfix)
    _dfix                                    0x080032cd   Thumb Code    94  dfix.o(x$fpl$dfix)
    __aeabi_i2d                              0x0800332b   Thumb Code     0  dflt_clz.o(x$fpl$dflt)
    _dflt                                    0x0800332b   Thumb Code    46  dflt_clz.o(x$fpl$dflt)
    __aeabi_ui2d                             0x08003359   Thumb Code     0  dflt_clz.o(x$fpl$dfltu)
    _dfltu                                   0x08003359   Thumb Code    38  dflt_clz.o(x$fpl$dfltu)
    __aeabi_cdcmple                          0x08003381   Thumb Code     0  dleqf.o(x$fpl$dleqf)
    _dcmple                                  0x08003381   Thumb Code   120  dleqf.o(x$fpl$dleqf)
    __fpl_dcmple_InfNaN                      0x080033e3   Thumb Code     0  dleqf.o(x$fpl$dleqf)
    __aeabi_dmul                             0x080033f9   Thumb Code     0  dmul.o(x$fpl$dmul)
    _dmul                                    0x080033f9   Thumb Code   332  dmul.o(x$fpl$dmul)
    __fpl_dnaninf                            0x0800354d   Thumb Code   156  dnaninf.o(x$fpl$dnaninf)
    __fpl_dretinf                            0x080035e9   Thumb Code    12  dretinf.o(x$fpl$dretinf)
    __aeabi_cdrcmple                         0x080035f5   Thumb Code     0  drleqf.o(x$fpl$drleqf)
    _drcmple                                 0x080035f5   Thumb Code   108  drleqf.o(x$fpl$drleqf)
    _drnd                                    0x08003661   Thumb Code   180  drnd.o(x$fpl$drnd)
    __aeabi_drsub                            0x08003715   Thumb Code     0  daddsub_clz.o(x$fpl$drsb)
    _drsb                                    0x08003715   Thumb Code    22  daddsub_clz.o(x$fpl$drsb)
    __aeabi_dsub                             0x0800372d   Thumb Code     0  daddsub_clz.o(x$fpl$dsub)
    _dsub                                    0x0800372d   Thumb Code   464  daddsub_clz.o(x$fpl$dsub)
    __aeabi_f2d                              0x08003901   Thumb Code     0  f2d.o(x$fpl$f2d)
    _f2d                                     0x08003901   Thumb Code    86  f2d.o(x$fpl$f2d)
    __aeabi_fadd                             0x08003959   Thumb Code     0  faddsub_clz.o(x$fpl$fadd)
    _fadd                                    0x08003959   Thumb Code   196  faddsub_clz.o(x$fpl$fadd)
    __fpl_fcmp_Inf                           0x08003a1d   Thumb Code    24  fcmpi.o(x$fpl$fcmpinf)
    __aeabi_i2f                              0x08003a35   Thumb Code     0  fflt_clz.o(x$fpl$fflt)
    _fflt                                    0x08003a35   Thumb Code    48  fflt_clz.o(x$fpl$fflt)
    __aeabi_cfcmple                          0x08003a65   Thumb Code     0  fleqf.o(x$fpl$fleqf)
    _fcmple                                  0x08003a65   Thumb Code   104  fleqf.o(x$fpl$fleqf)
    __fpl_fcmple_InfNaN                      0x08003ab7   Thumb Code     0  fleqf.o(x$fpl$fleqf)
    __aeabi_fmul                             0x08003acd   Thumb Code     0  fmul.o(x$fpl$fmul)
    _fmul                                    0x08003acd   Thumb Code   258  fmul.o(x$fpl$fmul)
    __fpl_fnaninf                            0x08003bcf   Thumb Code   140  fnaninf.o(x$fpl$fnaninf)
    __fpl_fretinf                            0x08003c5b   Thumb Code    10  fretinf.o(x$fpl$fretinf)
    __aeabi_cfrcmple                         0x08003c65   Thumb Code     0  frleqf.o(x$fpl$frleqf)
    _frcmple                                 0x08003c65   Thumb Code    98  frleqf.o(x$fpl$frleqf)
    __aeabi_frsub                            0x08003cc7   Thumb Code     0  faddsub_clz.o(x$fpl$frsb)
    _frsb                                    0x08003cc7   Thumb Code    20  faddsub_clz.o(x$fpl$frsb)
    __aeabi_fsub                             0x08003cdd   Thumb Code     0  faddsub_clz.o(x$fpl$fsub)
    _fsub                                    0x08003cdd   Thumb Code   234  faddsub_clz.o(x$fpl$fsub)
    __fpl_return_NaN                         0x08003dc7   Thumb Code   100  retnan.o(x$fpl$retnan)
    __ARM_scalbn                             0x08003e2b   Thumb Code    92  scalbn.o(x$fpl$scalbn)
    __fpl_cmpreturn                          0x08003e87   Thumb Code    48  trapv.o(x$fpl$trapveneer)
    __I$use$fp                               0x08003eb6   Number         0  usenofp.o(x$fpl$usenofp)
    Region$$Table$$Base                      0x08003fd8   Number         0  anon$$obj.o(Region$$Table)
    Region$$Table$$Limit                     0x08003ff8   Number         0  anon$$obj.o(Region$$Table)
    num_0                                    0x20000000   Data          15  main.o(.data)
    num_1                                    0x2000000f   Data          15  main.o(.data)
    num_2                                    0x2000001e   Data          15  main.o(.data)
    num_3                                    0x2000002d   Data          15  main.o(.data)
    num_4                                    0x2000003c   Data          15  main.o(.data)
    num_5                                    0x2000004b   Data          15  main.o(.data)
    num_6                                    0x2000005a   Data          15  main.o(.data)
    num_7                                    0x20000069   Data          15  main.o(.data)
    num_8                                    0x20000078   Data          15  main.o(.data)
    num_9                                    0x20000087   Data          15  main.o(.data)
    model                                    0x20000096   Data         121  main.o(.data)
    basket                                   0x2000010f   Data          64  main.o(.data)
    player                                   0x2000014f   Data          64  main.o(.data)
    score_g                                  0x20000190   Data           4  main.o(.data)
    angle_g                                  0x20000194   Data           4  main.o(.data)
    speed_g                                  0x20000198   Data           4  main.o(.data)
    button_CENTER_pressed                    0x2000019c   Data           1  main.o(.data)
    button_LEFT_pressed                      0x2000019d   Data           1  main.o(.data)
    button_RIGHT_pressed                     0x2000019e   Data           1  main.o(.data)
    button_UP_pressed                        0x2000019f   Data           1  main.o(.data)
    button_DOWN_pressed                      0x200001a0   Data           1  main.o(.data)
    drawtrajectory                           0x200001a1   Data           1  main.o(.data)
    gameStatus                               0x200001a4   Data           4  main.o(.data)
    goal_g                                   0x200001a8   Data           4  main.o(.data)
    time_g                                   0x200001ac   Data           4  main.o(.data)
    button_CENTER_pressed_cnt                0x200001b0   Data           4  main.o(.data)
    button_DOWN_pressed_cnt                  0x200001b4   Data           4  main.o(.data)
    button_UP_pressed_cnt                    0x200001b8   Data           4  main.o(.data)
    button_RIGHT_pressed_cnt                 0x200001bc   Data           4  main.o(.data)
    button_LEFT_pressed_cnt                  0x200001c0   Data           4  main.o(.data)
    SystemCoreClock                          0x200001c4   Data           4  system_mdr32f9qx.o(.data)
    ball                                     0x200001c8   Data         148  main.o(.bss)
    gamefield                                0x2000025c   Data        8192  main.o(.bss)
    noncollisionlayer                        0x2000225c   Data        8192  main.o(.bss)
    __libspace_start                         0x2000425c   Data          96  libspace.o(.bss)
    __temporary_stack_top$libspace           0x200042bc   Data           0  libspace.o(.bss)



==============================================================================

Memory Map of the image

  Image Entry point : 0x0800019d

  Load Region LR_1 (Base: 0x08000000, Size: 0x000041c0, Max: 0xffffffff, ABSOLUTE, COMPRESSED[0x000040c8])

    Execution Region ER_RO (Exec base: 0x08000000, Load base: 0x08000000, Size: 0x00003ff8, Max: 0xffffffff, ABSOLUTE)

    Exec Addr    Load Addr    Size         Type   Attr      Idx    E Section Name        Object

    0x08000000   0x08000000   0x000000c0   Data   RO          331    RESET               startup_mdr32f9qx.o
    0x080000c0   0x080000c0   0x00000008   Code   RO         2610  * !!!main             c_w.l(__main.o)
    0x080000c8   0x080000c8   0x00000034   Code   RO         2897    !!!scatter          c_w.l(__scatter.o)
    0x080000fc   0x080000fc   0x0000005a   Code   RO         2895    !!dczerorl2         c_w.l(__dczerorl2.o)
    0x08000156   0x08000156   0x00000002   PAD
    0x08000158   0x08000158   0x0000001c   Code   RO         2899    !!handler_zi        c_w.l(__scatter_zi.o)
    0x08000174   0x08000174   0x00000002   Code   RO         2762    .ARM.Collect$$libinit$$00000000  c_w.l(libinit.o)
    0x08000176   0x08000176   0x00000000   Code   RO         2768    .ARM.Collect$$libinit$$00000002  c_w.l(libinit2.o)
    0x08000176   0x08000176   0x00000000   Code   RO         2770    .ARM.Collect$$libinit$$00000004  c_w.l(libinit2.o)
    0x08000176   0x08000176   0x00000000   Code   RO         2773    .ARM.Collect$$libinit$$0000000A  c_w.l(libinit2.o)
    0x08000176   0x08000176   0x00000000   Code   RO         2775    .ARM.Collect$$libinit$$0000000C  c_w.l(libinit2.o)
    0x08000176   0x08000176   0x00000000   Code   RO         2777    .ARM.Collect$$libinit$$0000000E  c_w.l(libinit2.o)
    0x08000176   0x08000176   0x00000000   Code   RO         2780    .ARM.Collect$$libinit$$00000011  c_w.l(libinit2.o)
    0x08000176   0x08000176   0x00000000   Code   RO         2782    .ARM.Collect$$libinit$$00000013  c_w.l(libinit2.o)
    0x08000176   0x08000176   0x00000000   Code   RO         2784    .ARM.Collect$$libinit$$00000015  c_w.l(libinit2.o)
    0x08000176   0x08000176   0x00000000   Code   RO         2786    .ARM.Collect$$libinit$$00000017  c_w.l(libinit2.o)
    0x08000176   0x08000176   0x00000000   Code   RO         2788    .ARM.Collect$$libinit$$00000019  c_w.l(libinit2.o)
    0x08000176   0x08000176   0x00000000   Code   RO         2790    .ARM.Collect$$libinit$$0000001B  c_w.l(libinit2.o)
    0x08000176   0x08000176   0x00000000   Code   RO         2792    .ARM.Collect$$libinit$$0000001D  c_w.l(libinit2.o)
    0x08000176   0x08000176   0x00000000   Code   RO         2794    .ARM.Collect$$libinit$$0000001F  c_w.l(libinit2.o)
    0x08000176   0x08000176   0x00000000   Code   RO         2796    .ARM.Collect$$libinit$$00000021  c_w.l(libinit2.o)
    0x08000176   0x08000176   0x00000000   Code   RO         2798    .ARM.Collect$$libinit$$00000023  c_w.l(libinit2.o)
    0x08000176   0x08000176   0x00000000   Code   RO         2800    .ARM.Collect$$libinit$$00000025  c_w.l(libinit2.o)
    0x08000176   0x08000176   0x00000000   Code   RO         2804    .ARM.Collect$$libinit$$0000002C  c_w.l(libinit2.o)
    0x08000176   0x08000176   0x00000000   Code   RO         2806    .ARM.Collect$$libinit$$0000002E  c_w.l(libinit2.o)
    0x08000176   0x08000176   0x00000000   Code   RO         2808    .ARM.Collect$$libinit$$00000030  c_w.l(libinit2.o)
    0x08000176   0x08000176   0x00000000   Code   RO         2810    .ARM.Collect$$libinit$$00000032  c_w.l(libinit2.o)
    0x08000176   0x08000176   0x00000002   Code   RO         2811    .ARM.Collect$$libinit$$00000033  c_w.l(libinit2.o)
    0x08000178   0x08000178   0x00000002   Code   RO         2835    .ARM.Collect$$libshutdown$$00000000  c_w.l(libshutdown.o)
    0x0800017a   0x0800017a   0x00000000   Code   RO         2848    .ARM.Collect$$libshutdown$$00000002  c_w.l(libshutdown2.o)
    0x0800017a   0x0800017a   0x00000000   Code   RO         2850    .ARM.Collect$$libshutdown$$00000004  c_w.l(libshutdown2.o)
    0x0800017a   0x0800017a   0x00000000   Code   RO         2853    .ARM.Collect$$libshutdown$$00000007  c_w.l(libshutdown2.o)
    0x0800017a   0x0800017a   0x00000000   Code   RO         2856    .ARM.Collect$$libshutdown$$0000000A  c_w.l(libshutdown2.o)
    0x0800017a   0x0800017a   0x00000000   Code   RO         2858    .ARM.Collect$$libshutdown$$0000000C  c_w.l(libshutdown2.o)
    0x0800017a   0x0800017a   0x00000000   Code   RO         2861    .ARM.Collect$$libshutdown$$0000000F  c_w.l(libshutdown2.o)
    0x0800017a   0x0800017a   0x00000002   Code   RO         2862    .ARM.Collect$$libshutdown$$00000010  c_w.l(libshutdown2.o)
    0x0800017c   0x0800017c   0x00000000   Code   RO         2676    .ARM.Collect$$rtentry$$00000000  c_w.l(__rtentry.o)
    0x0800017c   0x0800017c   0x00000000   Code   RO         2723    .ARM.Collect$$rtentry$$00000002  c_w.l(__rtentry2.o)
    0x0800017c   0x0800017c   0x00000006   Code   RO         2735    .ARM.Collect$$rtentry$$00000004  c_w.l(__rtentry4.o)
    0x08000182   0x08000182   0x00000000   Code   RO         2725    .ARM.Collect$$rtentry$$00000009  c_w.l(__rtentry2.o)
    0x08000182   0x08000182   0x00000004   Code   RO         2726    .ARM.Collect$$rtentry$$0000000A  c_w.l(__rtentry2.o)
    0x08000186   0x08000186   0x00000000   Code   RO         2728    .ARM.Collect$$rtentry$$0000000C  c_w.l(__rtentry2.o)
    0x08000186   0x08000186   0x00000008   Code   RO         2729    .ARM.Collect$$rtentry$$0000000D  c_w.l(__rtentry2.o)
    0x0800018e   0x0800018e   0x00000002   Code   RO         2765    .ARM.Collect$$rtexit$$00000000  c_w.l(rtexit.o)
    0x08000190   0x08000190   0x00000000   Code   RO         2815    .ARM.Collect$$rtexit$$00000002  c_w.l(rtexit2.o)
    0x08000190   0x08000190   0x00000004   Code   RO         2816    .ARM.Collect$$rtexit$$00000003  c_w.l(rtexit2.o)
    0x08000194   0x08000194   0x00000006   Code   RO         2817    .ARM.Collect$$rtexit$$00000004  c_w.l(rtexit2.o)
    0x0800019a   0x0800019a   0x00000002   PAD
    0x0800019c   0x0800019c   0x00000040   Code   RO          332  * .text               startup_mdr32f9qx.o
    0x080001dc   0x080001dc   0x00000064   Code   RO         2606    .text               c_w.l(rt_memcpy_w.o)
    0x08000240   0x08000240   0x00000006   Code   RO         2608    .text               c_w.l(heapauxi.o)
    0x08000246   0x08000246   0x00000016   Code   RO         2677    .text               c_w.l(_rserrno.o)
    0x0800025c   0x0800025c   0x00000008   Code   RO         2740    .text               c_w.l(rt_errno_addr_intlibspace.o)
    0x08000264   0x08000264   0x00000008   Code   RO         2750    .text               c_w.l(libspace.o)
    0x0800026c   0x0800026c   0x0000004a   Code   RO         2753    .text               c_w.l(sys_stackheap_outer.o)
    0x080002b6   0x080002b6   0x00000012   Code   RO         2755    .text               c_w.l(exit.o)
    0x080002c8   0x080002c8   0x0000000c   Code   RO         2827    .text               c_w.l(sys_exit.o)
    0x080002d4   0x080002d4   0x00000002   Code   RO         2838    .text               c_w.l(use_no_semi.o)
    0x080002d6   0x080002d6   0x00000000   Code   RO         2840    .text               c_w.l(indicate_semi.o)
    0x080002d6   0x080002d6   0x00000002   PAD
    0x080002d8   0x080002d8   0x00000068   Code   RO            4    i.InitLcd           main.o
    0x08000340   0x08000340   0x000000be   Code   RO            5    i.InitObj           main.o
    0x080003fe   0x080003fe   0x0000002a   Code   RO            6    i.LCDON             main.o
    0x08000428   0x08000428   0x00000090   Code   RO            7    i.PutObjOnMap       main.o
    0x080004b8   0x080004b8   0x00000040   Code   RO            8    i.ReadCMD           main.o
    0x080004f8   0x080004f8   0x000000aa   Code   RO            9    i.ScreenUpdate      main.o
    0x080005a2   0x080005a2   0x00000002   PAD
    0x080005a4   0x080005a4   0x00000048   Code   RO           10    i.Send_Data         main.o
    0x080005ec   0x080005ec   0x00000028   Code   RO           11    i.SetAddr           main.o
    0x08000614   0x08000614   0x00000024   Code   RO           12    i.SetPage           main.o
    0x08000638   0x08000638   0x00000090   Code   RO          339    i.SystemCoreClockUpdate  system_mdr32f9qx.o
    0x080006c8   0x080006c8   0x00000028   Code   RO          340    i.SystemInit        system_mdr32f9qx.o
    0x080006f0   0x080006f0   0x00000204   Code   RO           13    i.Timer1_IRQHandler  main.o
    0x080008f4   0x080008f4   0x00000170   Code   RO           14    i.Timer2_IRQHandler  main.o
    0x08000a64   0x08000a64   0x00000094   Code   RO           15    i.Timer3_IRQHandler  main.o
    0x08000af8   0x08000af8   0x00000040   Code   RO           16    i.WriteCMD          main.o
    0x08000b38   0x08000b38   0x00000028   Code   RO         2746    i.__ARM_fpclassify  m_ws.l(fpclassify.o)
    0x08000b60   0x08000b60   0x00000388   Code   RO         2711    i.__ieee754_rem_pio2  m_ws.l(rred.o)
    0x08000ee8   0x08000ee8   0x000000fc   Code   RO         2694    i.__kernel_cos      m_ws.l(cos_i.o)
    0x08000fe4   0x08000fe4   0x000000aa   Code   RO         2748    i.__kernel_poly     m_ws.l(poly.o)
    0x0800108e   0x0800108e   0x00000002   PAD
    0x08001090   0x08001090   0x000000ec   Code   RO         2716    i.__kernel_sin      m_ws.l(sin_i.o)
    0x0800117c   0x0800117c   0x00000006   Code   RO         2698    i.__mathlib_dbl_infnan  m_ws.l(dunder.o)
    0x08001182   0x08001182   0x0000000c   Code   RO         2700    i.__mathlib_dbl_invalid  m_ws.l(dunder.o)
    0x0800118e   0x0800118e   0x00000002   PAD
    0x08001190   0x08001190   0x00000010   Code   RO         2703    i.__mathlib_dbl_underflow  m_ws.l(dunder.o)
    0x080011a0   0x080011a0   0x000000d8   Code   RO           18    i.checkScore        main.o
    0x08001278   0x08001278   0x0000006e   Code   RO           19    i.clearObject       main.o
    0x080012e6   0x080012e6   0x00000002   PAD
    0x080012e8   0x080012e8   0x00000140   Code   RO           20    i.clearTrajectory   main.o
    0x08001428   0x08001428   0x00000032   Code   RO           21    i.clear_lcd         main.o
    0x0800145a   0x0800145a   0x00000002   PAD
    0x0800145c   0x0800145c   0x0000009c   Code   RO         2659    i.cos               m_ws.l(cos.o)
    0x080014f8   0x080014f8   0x00000030   Code   RO           23    i.drawBasket        main.o
    0x08001528   0x08001528   0x000000a4   Code   RO           24    i.drawBasketNet     main.o
    0x080015cc   0x080015cc   0x00000036   Code   RO           25    i.drawNum           main.o
    0x08001602   0x08001602   0x000000a4   Code   RO           26    i.drawPlayer        main.o
    0x080016a6   0x080016a6   0x0000004a   Code   RO           27    i.drawScuare        main.o
    0x080016f0   0x080016f0   0x00000140   Code   RO           28    i.drawTrajectory    main.o
    0x08001830   0x08001830   0x00000154   Code   RO           29    i.initButtons       main.o
    0x08001984   0x08001984   0x00000114   Code   RO           30    i.initPerefirial    main.o
    0x08001a98   0x08001a98   0x00000050   Code   RO           31    i.initTimer_1       main.o
    0x08001ae8   0x08001ae8   0x00000050   Code   RO           32    i.initTimer_2       main.o
    0x08001b38   0x08001b38   0x00000050   Code   RO           33    i.initTimer_3       main.o
    0x08001b88   0x08001b88   0x000000d6   Code   RO           34    i.isCollision       main.o
    0x08001c5e   0x08001c5e   0x00000002   PAD
    0x08001c60   0x08001c60   0x0000008c   Code   RO           35    i.isPosInMap        main.o
    0x08001cec   0x08001cec   0x000009cc   Code   RO           37    i.main              main.o
    0x080026b8   0x080026b8   0x0000000e   Code   RO           38    i.max               main.o
    0x080026c6   0x080026c6   0x00000002   PAD
    0x080026c8   0x080026c8   0x0000002c   Code   RO           41    i.movGravity        main.o
    0x080026f4   0x080026f4   0x000001ec   Code   RO           42    i.movUpdate         main.o
    0x080028e0   0x080028e0   0x00000094   Code   RO         2666    i.round             m_ws.l(round.o)
    0x08002974   0x08002974   0x0000016c   Code   RO           43    i.showScore         main.o
    0x08002ae0   0x08002ae0   0x000002c0   Code   RO           44    i.showTime          main.o
    0x08002da0   0x08002da0   0x000000a0   Code   RO         2669    i.sin               m_ws.l(sin.o)
    0x08002e40   0x08002e40   0x00000062   Code   RO         2612    x$fpl$d2f           fz_ws.l(d2f.o)
    0x08002ea2   0x08002ea2   0x00000002   PAD
    0x08002ea4   0x08002ea4   0x00000150   Code   RO         2614    x$fpl$dadd          fz_ws.l(daddsub_clz.o)
    0x08002ff4   0x08002ff4   0x00000010   Code   RO         2763    x$fpl$dcheck1       fz_ws.l(dcheck1.o)
    0x08003004   0x08003004   0x00000018   Code   RO         2742    x$fpl$dcmpinf       fz_ws.l(dcmpi.o)
    0x0800301c   0x0800301c   0x000002b0   Code   RO         2621    x$fpl$ddiv          fz_ws.l(ddiv.o)
    0x080032cc   0x080032cc   0x0000005e   Code   RO         2624    x$fpl$dfix          fz_ws.l(dfix.o)
    0x0800332a   0x0800332a   0x0000002e   Code   RO         2629    x$fpl$dflt          fz_ws.l(dflt_clz.o)
    0x08003358   0x08003358   0x00000026   Code   RO         2628    x$fpl$dfltu         fz_ws.l(dflt_clz.o)
    0x0800337e   0x0800337e   0x00000002   PAD
    0x08003380   0x08003380   0x00000078   Code   RO         2679    x$fpl$dleqf         fz_ws.l(dleqf.o)
    0x080033f8   0x080033f8   0x00000154   Code   RO         2634    x$fpl$dmul          fz_ws.l(dmul.o)
    0x0800354c   0x0800354c   0x0000009c   Code   RO         2681    x$fpl$dnaninf       fz_ws.l(dnaninf.o)
    0x080035e8   0x080035e8   0x0000000c   Code   RO         2683    x$fpl$dretinf       fz_ws.l(dretinf.o)
    0x080035f4   0x080035f4   0x0000006c   Code   RO         2636    x$fpl$drleqf        fz_ws.l(drleqf.o)
    0x08003660   0x08003660   0x000000b4   Code   RO         2685    x$fpl$drnd          fz_ws.l(drnd.o)
    0x08003714   0x08003714   0x00000016   Code   RO         2615    x$fpl$drsb          fz_ws.l(daddsub_clz.o)
    0x0800372a   0x0800372a   0x00000002   PAD
    0x0800372c   0x0800372c   0x000001d4   Code   RO         2616    x$fpl$dsub          fz_ws.l(daddsub_clz.o)
    0x08003900   0x08003900   0x00000056   Code   RO         2638    x$fpl$f2d           fz_ws.l(f2d.o)
    0x08003956   0x08003956   0x00000002   PAD
    0x08003958   0x08003958   0x000000c4   Code   RO         2640    x$fpl$fadd          fz_ws.l(faddsub_clz.o)
    0x08003a1c   0x08003a1c   0x00000018   Code   RO         2687    x$fpl$fcmpinf       fz_ws.l(fcmpi.o)
    0x08003a34   0x08003a34   0x00000030   Code   RO         2647    x$fpl$fflt          fz_ws.l(fflt_clz.o)
    0x08003a64   0x08003a64   0x00000068   Code   RO         2652    x$fpl$fleqf         fz_ws.l(fleqf.o)
    0x08003acc   0x08003acc   0x00000102   Code   RO         2654    x$fpl$fmul          fz_ws.l(fmul.o)
    0x08003bce   0x08003bce   0x0000008c   Code   RO         2689    x$fpl$fnaninf       fz_ws.l(fnaninf.o)
    0x08003c5a   0x08003c5a   0x0000000a   Code   RO         2691    x$fpl$fretinf       fz_ws.l(fretinf.o)
    0x08003c64   0x08003c64   0x00000062   Code   RO         2656    x$fpl$frleqf        fz_ws.l(frleqf.o)
    0x08003cc6   0x08003cc6   0x00000014   Code   RO         2641    x$fpl$frsb          fz_ws.l(faddsub_clz.o)
    0x08003cda   0x08003cda   0x00000002   PAD
    0x08003cdc   0x08003cdc   0x000000ea   Code   RO         2642    x$fpl$fsub          fz_ws.l(faddsub_clz.o)
    0x08003dc6   0x08003dc6   0x00000064   Code   RO         2812    x$fpl$retnan        fz_ws.l(retnan.o)
    0x08003e2a   0x08003e2a   0x0000005c   Code   RO         2744    x$fpl$scalbn        fz_ws.l(scalbn.o)
    0x08003e86   0x08003e86   0x00000030   Code   RO         2825    x$fpl$trapveneer    fz_ws.l(trapv.o)
    0x08003eb6   0x08003eb6   0x00000000   Code   RO         2693    x$fpl$usenofp       fz_ws.l(usenofp.o)
    0x08003eb6   0x08003eb6   0x00000002   PAD
    0x08003eb8   0x08003eb8   0x00000030   Data   RO         2695    .constdata          m_ws.l(cos_i.o)
    0x08003ee8   0x08003ee8   0x000000c8   Data   RO         2713    .constdata          m_ws.l(rred.o)
    0x08003fb0   0x08003fb0   0x00000028   Data   RO         2717    .constdata          m_ws.l(sin_i.o)
    0x08003fd8   0x08003fd8   0x00000020   Data   RO         2893    Region$$Table       anon$$obj.o


    Execution Region ER_RW (Exec base: 0x20000000, Load base: 0x08003ff8, Size: 0x000001c8, Max: 0xffffffff, ABSOLUTE, COMPRESSED[0x000000d0])

    Exec Addr    Load Addr    Size         Type   Attr      Idx    E Section Name        Object

    0x20000000   COMPRESSED   0x000001c4   Data   RW           50    .data               main.o
    0x200001c4   COMPRESSED   0x00000004   Data   RW          341    .data               system_mdr32f9qx.o


    Execution Region ER_ZI (Exec base: 0x200001c8, Load base: 0x080040c8, Size: 0x000046f8, Max: 0xffffffff, ABSOLUTE)

    Exec Addr    Load Addr    Size         Type   Attr      Idx    E Section Name        Object

    0x200001c8        -       0x00004094   Zero   RW           49    .bss                main.o
    0x2000425c        -       0x00000060   Zero   RW         2751    .bss                c_w.l(libspace.o)
    0x200042bc   0x080040c8   0x00000004   PAD
    0x200042c0        -       0x00000200   Zero   RW          330    HEAP                startup_mdr32f9qx.o
    0x200044c0        -       0x00000400   Zero   RW          329    STACK               startup_mdr32f9qx.o


==============================================================================

Image component sizes


      Code (inc. data)   RO Data    RW Data    ZI Data      Debug   Object Name

      8814        682          0        452      16532      31171   main.o
        64         26        192          0       1536        816   startup_mdr32f9qx.o
       184         18          0          4          0       1399   system_mdr32f9qx.o

    ----------------------------------------------------------------------
      9072        726        224        456      18068      33386   Object Totals
         0          0         32          0          0          0   (incl. Generated)
        10          0          0          0          0          0   (incl. Padding)

    ----------------------------------------------------------------------

      Code (inc. data)   RO Data    RW Data    ZI Data      Debug   Library Member Name

        90          0          0          0          0          0   __dczerorl2.o
         8          0          0          0          0         68   __main.o
         0          0          0          0          0          0   __rtentry.o
        12          0          0          0          0          0   __rtentry2.o
         6          0          0          0          0          0   __rtentry4.o
        52          8          0          0          0          0   __scatter.o
        28          0          0          0          0          0   __scatter_zi.o
        22          0          0          0          0        100   _rserrno.o
        18          0          0          0          0         80   exit.o
         6          0          0          0          0        152   heapauxi.o
         0          0          0          0          0          0   indicate_semi.o
         2          0          0          0          0          0   libinit.o
         2          0          0          0          0          0   libinit2.o
         2          0          0          0          0          0   libshutdown.o
         2          0          0          0          0          0   libshutdown2.o
         8          4          0          0         96         68   libspace.o
         8          4          0          0          0         68   rt_errno_addr_intlibspace.o
       100          0          0          0          0         80   rt_memcpy_w.o
         2          0          0          0          0          0   rtexit.o
        10          0          0          0          0          0   rtexit2.o
        12          4          0          0          0         68   sys_exit.o
        74          0          0          0          0         80   sys_stackheap_outer.o
         2          0          0          0          0         68   use_no_semi.o
        98          4          0          0          0         92   d2f.o
       826         16          0          0          0        348   daddsub_clz.o
        16          4          0          0          0         68   dcheck1.o
        24          0          0          0          0         68   dcmpi.o
       688        140          0          0          0        208   ddiv.o
        94          4          0          0          0         92   dfix.o
        84          0          0          0          0        136   dflt_clz.o
       120          4          0          0          0         92   dleqf.o
       340         12          0          0          0        104   dmul.o
       156          4          0          0          0         92   dnaninf.o
        12          0          0          0          0         68   dretinf.o
       108          0          0          0          0         80   drleqf.o
       180          4          0          0          0         80   drnd.o
        86          4          0          0          0         84   f2d.o
       450          8          0          0          0        236   faddsub_clz.o
        24          0          0          0          0         68   fcmpi.o
        48          0          0          0          0         68   fflt_clz.o
       104          4          0          0          0         84   fleqf.o
       258          4          0          0          0         84   fmul.o
       140          4          0          0          0         84   fnaninf.o
        10          0          0          0          0         68   fretinf.o
        98          0          0          0          0         68   frleqf.o
       100          0          0          0          0         68   retnan.o
        92          0          0          0          0         68   scalbn.o
        48          0          0          0          0         68   trapv.o
         0          0          0          0          0          0   usenofp.o
       156          8          0          0          0        104   cos.o
       252         22         48          0          0        124   cos_i.o
        34          6          0          0          0        204   dunder.o
        40          0          0          0          0         68   fpclassify.o
       170          0          0          0          0         96   poly.o
       148         12          0          0          0         88   round.o
       904         76        200          0          0        140   rred.o
       160         10          0          0          0        108   sin.o
       236         12         40          0          0        128   sin_i.o

    ----------------------------------------------------------------------
      6792        382        288          0        100       4468   Library Totals
        22          0          0          0          4          0   (incl. Padding)

    ----------------------------------------------------------------------

      Code (inc. data)   RO Data    RW Data    ZI Data      Debug   Library Name

       466         20          0          0         96        832   c_w.l
      4204        216          0          0          0       2576   fz_ws.l
      2100        146        288          0          0       1060   m_ws.l

    ----------------------------------------------------------------------
      6792        382        288          0        100       4468   Library Totals

    ----------------------------------------------------------------------

==============================================================================


      Code (inc. data)   RO Data    RW Data    ZI Data      Debug   

     15864       1108        512        456      18168      33586   Grand Totals
     15864       1108        512        208      18168      33586   ELF Image Totals (compressed)
     15864       1108        512        208          0          0   ROM Totals

==============================================================================

    Total RO  Size (Code + RO Data)                16376 (  15.99kB)
    Total RW  Size (RW Data + ZI Data)             18624 (  18.19kB)
    Total ROM Size (Code + RO Data + RW Data)      16584 (  16.20kB)

==============================================================================

